Component: ARM Compiler 5.06 update 1 (build 61) Tool: armlink [4d35a8]

==============================================================================

Section Cross References

    startup_stm32f072xb.o(RESET) refers to startup_stm32f072xb.o(STACK) for __initial_sp
    startup_stm32f072xb.o(RESET) refers to startup_stm32f072xb.o(.text) for Reset_Handler
    startup_stm32f072xb.o(RESET) refers to stm32f0xx_it.o(i.NMI_Handler) for NMI_Handler
    startup_stm32f072xb.o(RESET) refers to stm32f0xx_it.o(i.HardFault_Handler) for HardFault_Handler
    startup_stm32f072xb.o(RESET) refers to stm32f0xx_it.o(i.SVC_Handler) for SVC_Handler
    startup_stm32f072xb.o(RESET) refers to stm32f0xx_it.o(i.PendSV_Handler) for PendSV_Handler
    startup_stm32f072xb.o(RESET) refers to stm32f0xx_it.o(i.SysTick_Handler) for SysTick_Handler
    startup_stm32f072xb.o(RESET) refers to stm32f0xx_it.o(i.USART2_IRQHandler) for USART2_IRQHandler
    startup_stm32f072xb.o(RESET) refers to stm32f0xx_it.o(i.USB_IRQHandler) for USB_IRQHandler
    startup_stm32f072xb.o(.text) refers to system_stm32f0xx.o(i.SystemInit) for SystemInit
    startup_stm32f072xb.o(.text) refers to entry.o(.ARM.Collect$$$$00000000) for __main
    system_stm32f0xx.o(i.SystemCoreClockUpdate) refers to uidiv.o(.text) for __aeabi_uidivmod
    system_stm32f0xx.o(i.SystemCoreClockUpdate) refers to system_stm32f0xx.o(.data) for .data
    system_stm32f0xx.o(i.SystemCoreClockUpdate) refers to system_stm32f0xx.o(.constdata) for .constdata
    stm32f0xx_it.o(i.SysTick_Handler) refers to stm32f0xx_hal.o(i.HAL_IncTick) for HAL_IncTick
    stm32f0xx_it.o(i.SysTick_Handler) refers to stm32f0xx_hal_cortex.o(i.HAL_SYSTICK_IRQHandler) for HAL_SYSTICK_IRQHandler
    stm32f0xx_it.o(i.USART2_IRQHandler) refers to stm32f0xx_hal_uart.o(i.HAL_UART_IRQHandler) for HAL_UART_IRQHandler
    stm32f0xx_it.o(i.USART2_IRQHandler) refers to main.o(.bss) for huart2
    stm32f0xx_it.o(i.USB_IRQHandler) refers to stm32f0xx_hal_pcd.o(i.HAL_PCD_IRQHandler) for HAL_PCD_IRQHandler
    stm32f0xx_it.o(i.USB_IRQHandler) refers to usbd_conf.o(.bss) for hpcd_USB_FS
    main.o(i.HAL_UART_RxCpltCallback) refers to stm32f0xx_hal_gpio.o(i.HAL_GPIO_WritePin) for HAL_GPIO_WritePin
    main.o(i.HAL_UART_RxCpltCallback) refers to stm32f0xx_hal_uart.o(i.HAL_UART_AbortReceive) for HAL_UART_AbortReceive
    main.o(i.HAL_UART_RxCpltCallback) refers to main.o(.data) for .data
    main.o(i.MX_GPIO_Init) refers to stm32f0xx_hal_gpio.o(i.HAL_GPIO_WritePin) for HAL_GPIO_WritePin
    main.o(i.MX_GPIO_Init) refers to stm32f0xx_hal_gpio.o(i.HAL_GPIO_Init) for HAL_GPIO_Init
    main.o(i.MX_SPI2_Init) refers to stm32f0xx_hal_spi.o(i.HAL_SPI_Init) for HAL_SPI_Init
    main.o(i.MX_SPI2_Init) refers to main.o(.bss) for .bss
    main.o(i.MX_TIM2_Init) refers to stm32f0xx_hal_tim.o(i.HAL_TIM_Base_Init) for HAL_TIM_Base_Init
    main.o(i.MX_TIM2_Init) refers to stm32f0xx_hal_tim.o(i.HAL_TIM_ConfigClockSource) for HAL_TIM_ConfigClockSource
    main.o(i.MX_TIM2_Init) refers to stm32f0xx_hal_tim_ex.o(i.HAL_TIMEx_MasterConfigSynchronization) for HAL_TIMEx_MasterConfigSynchronization
    main.o(i.MX_TIM2_Init) refers to main.o(.bss) for .bss
    main.o(i.SystemClock_Config) refers to stm32f0xx_hal_rcc.o(i.HAL_RCC_OscConfig) for HAL_RCC_OscConfig
    main.o(i.SystemClock_Config) refers to stm32f0xx_hal_rcc.o(i.HAL_RCC_ClockConfig) for HAL_RCC_ClockConfig
    main.o(i.SystemClock_Config) refers to stm32f0xx_hal_rcc_ex.o(i.HAL_RCCEx_PeriphCLKConfig) for HAL_RCCEx_PeriphCLKConfig
    main.o(i.SystemClock_Config) refers to stm32f0xx_hal_rcc.o(i.HAL_RCC_GetHCLKFreq) for HAL_RCC_GetHCLKFreq
    main.o(i.SystemClock_Config) refers to uidiv.o(.text) for __aeabi_uidivmod
    main.o(i.SystemClock_Config) refers to stm32f0xx_hal_cortex.o(i.HAL_SYSTICK_Config) for HAL_SYSTICK_Config
    main.o(i.SystemClock_Config) refers to stm32f0xx_hal_cortex.o(i.HAL_SYSTICK_CLKSourceConfig) for HAL_SYSTICK_CLKSourceConfig
    main.o(i.SystemClock_Config) refers to stm32f0xx_hal_cortex.o(i.HAL_NVIC_SetPriority) for HAL_NVIC_SetPriority
    main.o(i.blink) refers to stm32f0xx_hal_gpio.o(i.HAL_GPIO_TogglePin) for HAL_GPIO_TogglePin
    main.o(i.blink) refers to stm32f0xx_hal.o(i.HAL_Delay) for HAL_Delay
    main.o(i.fputc) refers to my_usb.o(i.my_usb_putchar) for my_usb_putchar
    main.o(i.main) refers to my_usb.o(i.my_usb_init) for my_usb_init
    main.o(i.main) refers to stm32f0xx_hal.o(i.HAL_Init) for HAL_Init
    main.o(i.main) refers to main.o(i.SystemClock_Config) for SystemClock_Config
    main.o(i.main) refers to main.o(i.MX_GPIO_Init) for MX_GPIO_Init
    main.o(i.main) refers to main.o(i.MX_SPI2_Init) for MX_SPI2_Init
    main.o(i.main) refers to usb_device.o(i.MX_USB_DEVICE_Init) for MX_USB_DEVICE_Init
    main.o(i.main) refers to main.o(i.MX_TIM2_Init) for MX_TIM2_Init
    main.o(i.main) refers to main.o(i.blink) for blink
    main.o(i.main) refers to delay_us.o(i.delay_us_init) for delay_us_init
[...]
    ..\Middlewares\ST\STM32_USB_Device_Library\Core\Src\usbd_ioreq.c 0x00000000   Number         0  usbd_ioreq.o ABSOLUTE
    ..\Src\cmd_parser.c                      0x00000000   Number         0  cmd_parser.o ABSOLUTE
    ..\Src\delay_us.c                        0x00000000   Number         0  delay_us.o ABSOLUTE
    ..\Src\helpers.c                         0x00000000   Number         0  helpers.o ABSOLUTE
    ..\Src\joycon_cmd.c                      0x00000000   Number         0  joycon_cmd.o ABSOLUTE
    ..\Src\main.c                            0x00000000   Number         0  main.o ABSOLUTE
    ..\Src\max572x.c                         0x00000000   Number         0  max572x.o ABSOLUTE
    ..\Src\my_usb.c                          0x00000000   Number         0  my_usb.o ABSOLUTE
    ..\Src\stm32f0xx_hal_msp.c               0x00000000   Number         0  stm32f0xx_hal_msp.o ABSOLUTE
    ..\Src\stm32f0xx_it.c                    0x00000000   Number         0  stm32f0xx_it.o ABSOLUTE
    ..\Src\system_stm32f0xx.c                0x00000000   Number         0  system_stm32f0xx.o ABSOLUTE
    ..\Src\usb_device.c                      0x00000000   Number         0  usb_device.o ABSOLUTE
    ..\Src\usbd_cdc_if.c                     0x00000000   Number         0  usbd_cdc_if.o ABSOLUTE
    ..\Src\usbd_conf.c                       0x00000000   Number         0  usbd_conf.o ABSOLUTE
    ..\Src\usbd_desc.c                       0x00000000   Number         0  usbd_desc.o ABSOLUTE
    ..\\Src\\cmd_parser.c                    0x00000000   Number         0  cmd_parser.o ABSOLUTE
    ..\\Src\\delay_us.c                      0x00000000   Number         0  delay_us.o ABSOLUTE
    ..\\Src\\helpers.c                       0x00000000   Number         0  helpers.o ABSOLUTE
    ..\\Src\\joycon_cmd.c                    0x00000000   Number         0  joycon_cmd.o ABSOLUTE
    ..\\Src\\max572x.c                       0x00000000   Number         0  max572x.o ABSOLUTE
    ..\\Src\\my_usb.c                        0x00000000   Number         0  my_usb.o ABSOLUTE
    cdrcmple.s                               0x00000000   Number         0  cdrcmple.o ABSOLUTE
    dc.s                                     0x00000000   Number         0  dc.o ABSOLUTE
    handlers.s                               0x00000000   Number         0  handlers.o ABSOLUTE
    init.s                                   0x00000000   Number         0  init.o ABSOLUTE
    startup_stm32f072xb.s                    0x00000000   Number         0  startup_stm32f072xb.o ABSOLUTE
    RESET                                    0x08000000   Section      192  startup_stm32f072xb.o(RESET)
    .ARM.Collect$$$$00000000                 0x080000c0   Section        0  entry.o(.ARM.Collect$$$$00000000)
    .ARM.Collect$$$$00000001                 0x080000c0   Section        4  entry2.o(.ARM.Collect$$$$00000001)
    .ARM.Collect$$$$00000004                 0x080000c4   Section        4  entry5.o(.ARM.Collect$$$$00000004)
    .ARM.Collect$$$$00000008                 0x080000c8   Section        0  entry7b.o(.ARM.Collect$$$$00000008)
    .ARM.Collect$$$$0000000A                 0x080000c8   Section        0  entry8b.o(.ARM.Collect$$$$0000000A)
    .ARM.Collect$$$$0000000B                 0x080000c8   Section        8  entry9a.o(.ARM.Collect$$$$0000000B)
    .ARM.Collect$$$$0000000D                 0x080000d0   Section        0  entry10a.o(.ARM.Collect$$$$0000000D)
    .ARM.Collect$$$$0000000F                 0x080000d0   Section        0  entry11a.o(.ARM.Collect$$$$0000000F)
    .ARM.Collect$$$$00002712                 0x080000d0   Section        4  entry2.o(.ARM.Collect$$$$00002712)
    __lit__00000000                          0x080000d0   Data           4  entry2.o(.ARM.Collect$$$$00002712)
    .text                                    0x080000d4   Section       28  startup_stm32f072xb.o(.text)
    .text                                    0x080000f0   Section        0  uidiv.o(.text)
    .text                                    0x0800011c   Section        0  llushr.o(.text)
    .text                                    0x0800013e   Section        0  memseta.o(.text)
    .text                                    0x08000162   Section        0  memcmp.o(.text)
    .text                                    0x0800017c   Section        0  uldiv.o(.text)
    .text                                    0x080001dc   Section       36  init.o(.text)
    .text                                    0x08000200   Section        0  llshl.o(.text)
    .text                                    0x08000220   Section        0  __dczerorl2.o(.text)
    i.CDC_Control_FS                         0x08000278   Section        0  usbd_cdc_if.o(i.CDC_Control_FS)
    CDC_Control_FS                           0x08000279   Thumb Code    50  usbd_cdc_if.o(i.CDC_Control_FS)
    i.CDC_DeInit_FS                          0x080002b0   Section        0  usbd_cdc_if.o(i.CDC_DeInit_FS)
    CDC_DeInit_FS                            0x080002b1   Thumb Code     4  usbd_cdc_if.o(i.CDC_DeInit_FS)
    i.CDC_Init_FS                            0x080002b4   Section        0  usbd_cdc_if.o(i.CDC_Init_FS)
    CDC_Init_FS                              0x080002b5   Thumb Code    24  usbd_cdc_if.o(i.CDC_Init_FS)
    i.CDC_Receive_FS                         0x080002d8   Section        0  usbd_cdc_if.o(i.CDC_Receive_FS)
    CDC_Receive_FS                           0x080002d9   Thumb Code    32  usbd_cdc_if.o(i.CDC_Receive_FS)
    i.CDC_Transmit_FS                        0x08000300   Section        0  usbd_cdc_if.o(i.CDC_Transmit_FS)
    i.Error_Handler                          0x08000340   Section        0  main.o(i.Error_Handler)
    i.HAL_DMA_Abort                          0x08000342   Section        0  stm32f0xx_hal_dma.o(i.HAL_DMA_Abort)
    i.HAL_DMA_Abort_IT                       0x0800036e   Section        0  stm32f0xx_hal_dma.o(i.HAL_DMA_Abort_IT)
    i.HAL_Delay                              0x080003b6   Section        0  stm32f0xx_hal.o(i.HAL_Delay)
    i.HAL_GPIO_DeInit                        0x080003cc   Section        0  stm32f0xx_hal_gpio.o(i.HAL_GPIO_DeInit)
    i.HAL_GPIO_Init                          0x080004b0   Section        0  stm32f0xx_hal_gpio.o(i.HAL_GPIO_Init)
    i.HAL_GPIO_ReadPin                       0x08000608   Section        0  stm32f0xx_hal_gpio.o(i.HAL_GPIO_ReadPin)
    i.HAL_GPIO_TogglePin                     0x08000612   Section        0  stm32f0xx_hal_gpio.o(i.HAL_GPIO_TogglePin)
    i.HAL_GPIO_WritePin                      0x0800061a   Section        0  stm32f0xx_hal_gpio.o(i.HAL_GPIO_WritePin)
    i.HAL_GetTick                            0x08000628   Section        0  stm32f0xx_hal.o(i.HAL_GetTick)
    i.HAL_IncTick                            0x08000634   Section        0  stm32f0xx_hal.o(i.HAL_IncTick)
    i.HAL_Init                               0x08000644   Section        0  stm32f0xx_hal.o(i.HAL_Init)
    i.HAL_InitTick                           0x08000664   Section        0  stm32f0xx_hal.o(i.HAL_InitTick)
    i.HAL_MspInit                            0x08000688   Section        0  stm32f0xx_hal_msp.o(i.HAL_MspInit)
    i.HAL_NVIC_DisableIRQ                    0x080006c0   Section        0  stm32f0xx_hal_cortex.o(i.HAL_NVIC_DisableIRQ)
    i.HAL_NVIC_EnableIRQ                     0x080006d4   Section        0  stm32f0xx_hal_cortex.o(i.HAL_NVIC_EnableIRQ)
    i.HAL_NVIC_SetPriority                   0x080006e8   Section        0  stm32f0xx_hal_cortex.o(i.HAL_NVIC_SetPriority)
    i.HAL_PCDEx_PMAConfig                    0x080006f0   Section        0  stm32f0xx_hal_pcd_ex.o(i.HAL_PCDEx_PMAConfig)
    i.HAL_PCD_DataInStageCallback            0x0800072a   Section        0  usbd_conf.o(i.HAL_PCD_DataInStageCallback)
    i.HAL_PCD_DataOutStageCallback           0x08000742   Section        0  usbd_conf.o(i.HAL_PCD_DataOutStageCallback)
    i.HAL_PCD_EP_Close                       0x08000760   Section        0  stm32f0xx_hal_pcd.o(i.HAL_PCD_EP_Close)
    i.HAL_PCD_EP_ClrStall                    0x080008c8   Section        0  stm32f0xx_hal_pcd.o(i.HAL_PCD_EP_ClrStall)
    i.HAL_PCD_EP_GetRxCount                  0x0800097c   Section        0  stm32f0xx_hal_pcd.o(i.HAL_PCD_EP_GetRxCount)
    i.HAL_PCD_EP_Open                        0x08000990   Section        0  stm32f0xx_hal_pcd.o(i.HAL_PCD_EP_Open)
    i.HAL_PCD_EP_Receive                     0x08000c34   Section        0  stm32f0xx_hal_pcd.o(i.HAL_PCD_EP_Receive)
    i.HAL_PCD_EP_SetStall                    0x08000d6c   Section        0  stm32f0xx_hal_pcd.o(i.HAL_PCD_EP_SetStall)
    i.HAL_PCD_EP_Transmit                    0x08000e00   Section        0  stm32f0xx_hal_pcd.o(i.HAL_PCD_EP_Transmit)
    i.HAL_PCD_IRQHandler                     0x08000f94   Section        0  stm32f0xx_hal_pcd.o(i.HAL_PCD_IRQHandler)
    i.HAL_PCD_Init                           0x080010a0   Section        0  stm32f0xx_hal_pcd.o(i.HAL_PCD_Init)
    i.HAL_PCD_MspInit                        0x0800113c   Section        0  usbd_conf.o(i.HAL_PCD_MspInit)
    i.HAL_PCD_ResetCallback                  0x08001174   Section        0  usbd_conf.o(i.HAL_PCD_ResetCallback)
    i.HAL_PCD_ResumeCallback                 0x0800118c   Section        0  usbd_conf.o(i.HAL_PCD_ResumeCallback)
    i.HAL_PCD_SOFCallback                    0x080011b8   Section        0  usbd_conf.o(i.HAL_PCD_SOFCallback)
    i.HAL_PCD_SetAddress                     0x080011c8   Section        0  stm32f0xx_hal_pcd.o(i.HAL_PCD_SetAddress)
    i.HAL_PCD_SetupStageCallback             0x080011f4   Section        0  usbd_conf.o(i.HAL_PCD_SetupStageCallback)
    i.HAL_PCD_Start                          0x0800120a   Section        0  stm32f0xx_hal_pcd.o(i.HAL_PCD_Start)
    i.HAL_PCD_SuspendCallback                0x0800121c   Section        0  usbd_conf.o(i.HAL_PCD_SuspendCallback)
    i.HAL_RCCEx_PeriphCLKConfig              0x08001244   Section        0  stm32f0xx_hal_rcc_ex.o(i.HAL_RCCEx_PeriphCLKConfig)
    i.HAL_RCC_ClockConfig                    0x08001364   Section        0  stm32f0xx_hal_rcc.o(i.HAL_RCC_ClockConfig)
    i.HAL_RCC_GetHCLKFreq                    0x080014b8   Section        0  stm32f0xx_hal_rcc.o(i.HAL_RCC_GetHCLKFreq)
    i.HAL_RCC_GetPCLK1Freq                   0x080014c4   Section        0  stm32f0xx_hal_rcc.o(i.HAL_RCC_GetPCLK1Freq)
    i.HAL_RCC_GetSysClockFreq                0x080014e4   Section        0  stm32f0xx_hal_rcc.o(i.HAL_RCC_GetSysClockFreq)
    i.HAL_RCC_OscConfig                      0x0800156c   Section        0  stm32f0xx_hal_rcc.o(i.HAL_RCC_OscConfig)
    i.HAL_SPI_Init                           0x08001944   Section        0  stm32f0xx_hal_spi.o(i.HAL_SPI_Init)
    i.HAL_SPI_MspInit                        0x080019fc   Section        0  stm32f0xx_hal_msp.o(i.HAL_SPI_MspInit)
    i.HAL_SYSTICK_CLKSourceConfig            0x08001a44   Section        0  stm32f0xx_hal_cortex.o(i.HAL_SYSTICK_CLKSourceConfig)
    i.HAL_SYSTICK_Callback                   0x08001a5c   Section        0  stm32f0xx_hal_cortex.o(i.HAL_SYSTICK_Callback)
    i.HAL_SYSTICK_Config                     0x08001a60   Section        0  stm32f0xx_hal_cortex.o(i.HAL_SYSTICK_Config)
    i.HAL_SYSTICK_IRQHandler                 0x08001a90   Section        0  stm32f0xx_hal_cortex.o(i.HAL_SYSTICK_IRQHandler)
    i.HAL_TIMEx_MasterConfigSynchronization  0x08001a98   Section        0  stm32f0xx_hal_tim_ex.o(i.HAL_TIMEx_MasterConfigSynchronization)
    i.HAL_TIM_Base_Init                      0x08001ae0   Section        0  stm32f0xx_hal_tim.o(i.HAL_TIM_Base_Init)
    i.HAL_TIM_Base_MspInit                   0x08001b14   Section        0  stm32f0xx_hal_msp.o(i.HAL_TIM_Base_MspInit)
    i.HAL_TIM_Base_Start                     0x08001b38   Section        0  stm32f0xx_hal_tim.o(i.HAL_TIM_Base_Start)
    i.HAL_TIM_ConfigClockSource              0x08001b50   Section        0  stm32f0xx_hal_tim.o(i.HAL_TIM_ConfigClockSource)
    i.HAL_UARTEx_WakeupCallback              0x08001c3e   Section        0  stm32f0xx_hal_uart_ex.o(i.HAL_UARTEx_WakeupCallback)
    i.HAL_UART_AbortReceive                  0x08001c40   Section        0  stm32f0xx_hal_uart.o(i.HAL_UART_AbortReceive)
    i.HAL_UART_ErrorCallback                 0x08001c90   Section        0  main.o(i.HAL_UART_ErrorCallback)
    i.HAL_UART_IRQHandler                    0x08001c94   Section        0  stm32f0xx_hal_uart.o(i.HAL_UART_IRQHandler)
    i.HAL_UART_Init                          0x08001dc8   Section        0  stm32f0xx_hal_uart.o(i.HAL_UART_Init)
    i.HAL_UART_MspDeInit                     0x08001e34   Section        0  stm32f0xx_hal_msp.o(i.HAL_UART_MspDeInit)
    i.HAL_UART_MspInit                       0x08001e64   Section        0  stm32f0xx_hal_msp.o(i.HAL_UART_MspInit)
    i.HAL_UART_Receive_IT                    0x08001ebc   Section        0  stm32f0xx_hal_uart.o(i.HAL_UART_Receive_IT)
    i.HAL_UART_RxCpltCallback                0x08001f5c   Section        0  main.o(i.HAL_UART_RxCpltCallback)
    i.HAL_UART_Transmit                      0x08001f80   Section        0  stm32f0xx_hal_uart.o(i.HAL_UART_Transmit)
    i.HAL_UART_TxCpltCallback                0x08002048   Section        0  stm32f0xx_hal_uart.o(i.HAL_UART_TxCpltCallback)
    i.HardFault_Handler                      0x0800204a   Section        0  stm32f0xx_it.o(i.HardFault_Handler)
    i.MX_GPIO_Init                           0x0800204c   Section        0  main.o(i.MX_GPIO_Init)
    MX_GPIO_Init                             0x0800204d   Thumb Code   194  main.o(i.MX_GPIO_Init)
    i.MX_SPI2_Init                           0x08002120   Section        0  main.o(i.MX_SPI2_Init)
    MX_SPI2_Init                             0x08002121   Thumb Code    64  main.o(i.MX_SPI2_Init)
    i.MX_TIM2_Init                           0x08002168   Section        0  main.o(i.MX_TIM2_Init)
    MX_TIM2_Init                             0x08002169   Thumb Code    80  main.o(i.MX_TIM2_Init)
    i.MX_USB_DEVICE_Init                     0x080021bc   Section        0  usb_device.o(i.MX_USB_DEVICE_Init)
    i.NMI_Handler                            0x080021f0   Section        0  stm32f0xx_it.o(i.NMI_Handler)
    i.NVIC_SetPriority                       0x080021f4   Section        0  stm32f0xx_hal_cortex.o(i.NVIC_SetPriority)
    NVIC_SetPriority                         0x080021f5   Thumb Code    60  stm32f0xx_hal_cortex.o(i.NVIC_SetPriority)
    i.PCD_EP_ISR_Handler                     0x08002238   Section        0  stm32f0xx_hal_pcd.o(i.PCD_EP_ISR_Handler)
    PCD_EP_ISR_Handler                       0x08002239   Thumb Code   802  stm32f0xx_hal_pcd.o(i.PCD_EP_ISR_Handler)
    i.PCD_ReadPMA                            0x08002570   Section        0  stm32f0xx_hal_pcd.o(i.PCD_ReadPMA)
    i.PCD_WritePMA                           0x0800258e   Section        0  stm32f0xx_hal_pcd.o(i.PCD_WritePMA)
    i.PendSV_Handler                         0x080025b4   Section        0  stm32f0xx_it.o(i.PendSV_Handler)
    i.SVC_Handler                            0x080025b6   Section        0  stm32f0xx_it.o(i.SVC_Handler)
    i.SysTick_Handler                        0x080025b8   Section        0  stm32f0xx_it.o(i.SysTick_Handler)
    i.SystemClock_Config                     0x080025c4   Section        0  main.o(i.SystemClock_Config)
    i.SystemInit                             0x0800264c   Section        0  system_stm32f0xx.o(i.SystemInit)
    i.TIM_Base_SetConfig                     0x080026a8   Section        0  stm32f0xx_hal_tim.o(i.TIM_Base_SetConfig)
    i.TIM_ETR_SetConfig                      0x0800273c   Section        0  stm32f0xx_hal_tim.o(i.TIM_ETR_SetConfig)
    i.TIM_ITRx_SetConfig                     0x08002752   Section        0  stm32f0xx_hal_tim.o(i.TIM_ITRx_SetConfig)
    TIM_ITRx_SetConfig                       0x08002753   Thumb Code    16  stm32f0xx_hal_tim.o(i.TIM_ITRx_SetConfig)
    i.TIM_TI1_ConfigInputStage               0x08002762   Section        0  stm32f0xx_hal_tim.o(i.TIM_TI1_ConfigInputStage)
    TIM_TI1_ConfigInputStage                 0x08002763   Thumb Code    34  stm32f0xx_hal_tim.o(i.TIM_TI1_ConfigInputStage)
    i.TIM_TI2_ConfigInputStage               0x08002784   Section        0  stm32f0xx_hal_tim.o(i.TIM_TI2_ConfigInputStage)
    TIM_TI2_ConfigInputStage                 0x08002785   Thumb Code    38  stm32f0xx_hal_tim.o(i.TIM_TI2_ConfigInputStage)
    i.UART_AdvFeatureConfig                  0x080027aa   Section        0  stm32f0xx_hal_uart.o(i.UART_AdvFeatureConfig)
    i.UART_CheckIdleState                    0x08002874   Section        0  stm32f0xx_hal_uart.o(i.UART_CheckIdleState)
    i.UART_DMAAbortOnError                   0x080028e8   Section        0  stm32f0xx_hal_uart.o(i.UART_DMAAbortOnError)
    UART_DMAAbortOnError                     0x080028e9   Thumb Code    20  stm32f0xx_hal_uart.o(i.UART_DMAAbortOnError)
    i.UART_EndRxTransfer                     0x080028fc   Section        0  stm32f0xx_hal_uart.o(i.UART_EndRxTransfer)
    UART_EndRxTransfer                       0x080028fd   Thumb Code    30  stm32f0xx_hal_uart.o(i.UART_EndRxTransfer)
    i.UART_EndTransmit_IT                    0x0800291a   Section        0  stm32f0xx_hal_uart.o(i.UART_EndTransmit_IT)
    i.UART_Receive_IT                        0x08002934   Section        0  stm32f0xx_hal_uart.o(i.UART_Receive_IT)
    i.UART_SetConfig                         0x080029b0   Section        0  stm32f0xx_hal_uart.o(i.UART_SetConfig)
    i.UART_Transmit_IT                       0x08002b0c   Section        0  stm32f0xx_hal_uart.o(i.UART_Transmit_IT)
    i.UART_WaitOnFlagUntilTimeout            0x08002b72   Section        0  stm32f0xx_hal_uart.o(i.UART_WaitOnFlagUntilTimeout)
    i.USART2_IRQHandler                      0x08002bd4   Section        0  stm32f0xx_it.o(i.USART2_IRQHandler)
    i.USBD_CDC_DataIn                        0x08002be4   Section        0  usbd_cdc.o(i.USBD_CDC_DataIn)
    USBD_CDC_DataIn                          0x08002be5   Thumb Code    30  usbd_cdc.o(i.USBD_CDC_DataIn)
    i.USBD_CDC_DataOut                       0x08002c02   Section        0  usbd_cdc.o(i.USBD_CDC_DataOut)
    USBD_CDC_DataOut                         0x08002c03   Thumb Code    52  usbd_cdc.o(i.USBD_CDC_DataOut)
    i.USBD_CDC_DeInit                        0x08002c36   Section        0  usbd_cdc.o(i.USBD_CDC_DeInit)
    USBD_CDC_DeInit                          0x08002c37   Thumb Code    60  usbd_cdc.o(i.USBD_CDC_DeInit)
    i.USBD_CDC_EP0_RxReady                   0x08002c72   Section        0  usbd_cdc.o(i.USBD_CDC_EP0_RxReady)
    USBD_CDC_EP0_RxReady                     0x08002c73   Thumb Code    40  usbd_cdc.o(i.USBD_CDC_EP0_RxReady)
    i.USBD_CDC_GetDeviceQualifierDescriptor  0x08002c9c   Section        0  usbd_cdc.o(i.USBD_CDC_GetDeviceQualifierDescriptor)
    i.USBD_CDC_GetFSCfgDesc                  0x08002ca8   Section        0  usbd_cdc.o(i.USBD_CDC_GetFSCfgDesc)
    USBD_CDC_GetFSCfgDesc                    0x08002ca9   Thumb Code     8  usbd_cdc.o(i.USBD_CDC_GetFSCfgDesc)
    i.USBD_CDC_GetHSCfgDesc                  0x08002cb4   Section        0  usbd_cdc.o(i.USBD_CDC_GetHSCfgDesc)
    USBD_CDC_GetHSCfgDesc                    0x08002cb5   Thumb Code     8  usbd_cdc.o(i.USBD_CDC_GetHSCfgDesc)
    i.USBD_CDC_GetOtherSpeedCfgDesc          0x08002cc0   Section        0  usbd_cdc.o(i.USBD_CDC_GetOtherSpeedCfgDesc)
    USBD_CDC_GetOtherSpeedCfgDesc            0x08002cc1   Thumb Code     8  usbd_cdc.o(i.USBD_CDC_GetOtherSpeedCfgDesc)
    i.USBD_CDC_Init                          0x08002ccc   Section        0  usbd_cdc.o(i.USBD_CDC_Init)
    USBD_CDC_Init                            0x08002ccd   Thumb Code   138  usbd_cdc.o(i.USBD_CDC_Init)
    i.USBD_CDC_ReceivePacket                 0x08002d56   Section        0  usbd_cdc.o(i.USBD_CDC_ReceivePacket)
    i.USBD_CDC_RegisterInterface             0x08002d8e   Section        0  usbd_cdc.o(i.USBD_CDC_RegisterInterface)
    i.USBD_CDC_SetRxBuffer                   0x08002da2   Section        0  usbd_cdc.o(i.USBD_CDC_SetRxBuffer)
    i.USBD_CDC_SetTxBuffer                   0x08002db6   Section        0  usbd_cdc.o(i.USBD_CDC_SetTxBuffer)
    i.USBD_CDC_Setup                         0x08002dcc   Section        0  usbd_cdc.o(i.USBD_CDC_Setup)
    USBD_CDC_Setup                           0x08002dcd   Thumb Code   112  usbd_cdc.o(i.USBD_CDC_Setup)
    i.USBD_CDC_TransmitPacket                0x08002e40   Section        0  usbd_cdc.o(i.USBD_CDC_TransmitPacket)
    i.USBD_ClrClassConfig                    0x08002e74   Section        0  usbd_core.o(i.USBD_ClrClassConfig)
    i.USBD_CtlContinueRx                     0x08002e84   Section        0  usbd_ioreq.o(i.USBD_CtlContinueRx)
    i.USBD_CtlContinueSendData               0x08002e94   Section        0  usbd_ioreq.o(i.USBD_CtlContinueSendData)
    i.USBD_CtlError                          0x08002ea4   Section        0  usbd_ctlreq.o(i.USBD_CtlError)
    i.USBD_CtlPrepareRx                      0x08002eb8   Section        0  usbd_ioreq.o(i.USBD_CtlPrepareRx)
    i.USBD_CtlReceiveStatus                  0x08002ed8   Section        0  usbd_ioreq.o(i.USBD_CtlReceiveStatus)
    i.USBD_CtlSendData                       0x08002ef0   Section        0  usbd_ioreq.o(i.USBD_CtlSendData)
    i.USBD_CtlSendStatus                     0x08002f0c   Section        0  usbd_ioreq.o(i.USBD_CtlSendStatus)
    i.USBD_FS_ConfigStrDescriptor            0x08002f24   Section        0  usbd_desc.o(i.USBD_FS_ConfigStrDescriptor)
    i.USBD_FS_DeviceDescriptor               0x08002f44   Section        0  usbd_desc.o(i.USBD_FS_DeviceDescriptor)
    i.USBD_FS_InterfaceStrDescriptor         0x08002f50   Section        0  usbd_desc.o(i.USBD_FS_InterfaceStrDescriptor)
    i.USBD_FS_LangIDStrDescriptor            0x08002f74   Section        0  usbd_desc.o(i.USBD_FS_LangIDStrDescriptor)
    i.USBD_FS_ManufacturerStrDescriptor      0x08002f80   Section        0  usbd_desc.o(i.USBD_FS_ManufacturerStrDescriptor)
    i.USBD_FS_ProductStrDescriptor           0x08002fa8   Section        0  usbd_desc.o(i.USBD_FS_ProductStrDescriptor)
    i.USBD_FS_SerialStrDescriptor            0x08002fd4   Section        0  usbd_desc.o(i.USBD_FS_SerialStrDescriptor)
    i.USBD_GetDescriptor                     0x08002ff8   Section        0  usbd_ctlreq.o(i.USBD_GetDescriptor)
    USBD_GetDescriptor                       0x08002ff9   Thumb Code   224  usbd_ctlreq.o(i.USBD_GetDescriptor)
    i.USBD_GetString                         0x080030d8   Section        0  usbd_ctlreq.o(i.USBD_GetString)
    i.USBD_Init                              0x0800311c   Section        0  usbd_core.o(i.USBD_Init)
    i.USBD_LL_ClearStallEP                   0x0800314e   Section        0  usbd_conf.o(i.USBD_LL_ClearStallEP)
    i.USBD_LL_CloseEP                        0x08003174   Section        0  usbd_conf.o(i.USBD_LL_CloseEP)
    i.USBD_LL_DataInStage                    0x0800319a   Section        0  usbd_core.o(i.USBD_LL_DataInStage)
    i.USBD_LL_DataOutStage                   0x08003250   Section        0  usbd_core.o(i.USBD_LL_DataOutStage)
    i.USBD_LL_GetRxDataSize                  0x080032c4   Section        0  usbd_conf.o(i.USBD_LL_GetRxDataSize)
    i.USBD_LL_Init                           0x080032d4   Section        0  usbd_conf.o(i.USBD_LL_Init)
    i.USBD_LL_IsStallEP                      0x0800335c   Section        0  usbd_conf.o(i.USBD_LL_IsStallEP)
    i.USBD_LL_OpenEP                         0x08003380   Section        0  usbd_conf.o(i.USBD_LL_OpenEP)
    i.USBD_LL_PrepareReceive                 0x080033ac   Section        0  usbd_conf.o(i.USBD_LL_PrepareReceive)
    i.USBD_LL_Reset                          0x080033d2   Section        0  usbd_core.o(i.USBD_LL_Reset)
    i.USBD_LL_Resume                         0x08003418   Section        0  usbd_core.o(i.USBD_LL_Resume)
    i.USBD_LL_SOF                            0x08003424   Section        0  usbd_core.o(i.USBD_LL_SOF)
    i.USBD_LL_SetSpeed                       0x08003442   Section        0  usbd_core.o(i.USBD_LL_SetSpeed)
    i.USBD_LL_SetUSBAddress                  0x08003448   Section        0  usbd_conf.o(i.USBD_LL_SetUSBAddress)
    i.USBD_LL_SetupStage                     0x0800346e   Section        0  usbd_core.o(i.USBD_LL_SetupStage)
    i.USBD_LL_StallEP                        0x080034cc   Section        0  usbd_conf.o(i.USBD_LL_StallEP)
    i.USBD_LL_Start                          0x080034f2   Section        0  usbd_conf.o(i.USBD_LL_Start)
    i.USBD_LL_Suspend                        0x08003518   Section        0  usbd_core.o(i.USBD_LL_Suspend)
    i.USBD_LL_Transmit                       0x08003528   Section        0  usbd_conf.o(i.USBD_LL_Transmit)
    i.USBD_ParseSetupRequest                 0x0800354e   Section        0  usbd_ctlreq.o(i.USBD_ParseSetupRequest)
    i.USBD_RegisterClass                     0x08003576   Section        0  usbd_core.o(i.USBD_RegisterClass)
    i.USBD_SetClassConfig                    0x0800358c   Section        0  usbd_core.o(i.USBD_SetClassConfig)
    i.USBD_SetConfig                         0x080035a8   Section        0  usbd_ctlreq.o(i.USBD_SetConfig)
    USBD_SetConfig                           0x080035a9   Thumb Code   108  usbd_ctlreq.o(i.USBD_SetConfig)
    i.USBD_Start                             0x08003618   Section        0  usbd_core.o(i.USBD_Start)
    i.USBD_StdDevReq                         0x08003622   Section        0  usbd_ctlreq.o(i.USBD_StdDevReq)
    i.USBD_StdEPReq                          0x08003710   Section        0  usbd_ctlreq.o(i.USBD_StdEPReq)
    i.USBD_StdItfReq                         0x080037fa   Section        0  usbd_ctlreq.o(i.USBD_StdItfReq)
    i.USBD_static_free                       0x08003834   Section        0  usbd_conf.o(i.USBD_static_free)
    i.USBD_static_malloc                     0x08003838   Section        0  usbd_conf.o(i.USBD_static_malloc)
    i.USB_IRQHandler                         0x08003840   Section        0  stm32f0xx_it.o(i.USB_IRQHandler)
    i.__0printf$5                            0x08003850   Section        0  printf5.o(i.__0printf$5)
    i.__ARM_common_switch8                   0x08003870   Section        0  stm32f0xx_hal_tim.o(i.__ARM_common_switch8)
    i.__scatterload_copy                     0x0800388a   Section       14  handlers.o(i.__scatterload_copy)
    i.__scatterload_null                     0x08003898   Section        2  handlers.o(i.__scatterload_null)
    i.__scatterload_zeroinit                 0x0800389a   Section       14  handlers.o(i.__scatterload_zeroinit)
    i._printf_core                           0x080038a8   Section        0  printf5.o(i._printf_core)
    _printf_core                             0x080038a9   Thumb Code   688  printf5.o(i._printf_core)
    i.blink                                  0x08003b84   Section        0  main.o(i.blink)
    i.delay_us_init                          0x08003ba8   Section        0  delay_us.o(i.delay_us_init)
    i.fatal_error                            0x08003bb8   Section        0  joycon_cmd.o(i.fatal_error)
    i.fputc                                  0x08003c10   Section        0  main.o(i.fputc)
    i.get_header_as_console                  0x08003c20   Section        0  joycon_cmd.o(i.get_header_as_console)
    i.get_msg_as_console                     0x08003c6c   Section        0  joycon_cmd.o(i.get_msg_as_console)
    i.get_payload_as_console                 0x08003c84   Section        0  joycon_cmd.o(i.get_payload_as_console)
    i.init_as_console                        0x08003cd8   Section        0  joycon_cmd.o(i.init_as_console)
    i.linear_buf_add                         0x08003d2c   Section        0  helpers.o(i.linear_buf_add)
    i.linear_buf_add_str                     0x08003d52   Section        0  helpers.o(i.linear_buf_add_str)
    i.linear_buf_init                        0x08003d80   Section        0  helpers.o(i.linear_buf_init)
    i.linear_buf_reset                       0x08003d96   Section        0  helpers.o(i.linear_buf_reset)
    i.main                                   0x08003db8   Section        0  main.o(i.main)
    i.my_usb_init                            0x08003de8   Section        0  my_usb.o(i.my_usb_init)
    i.my_usb_putchar                         0x08003e00   Section        0  my_usb.o(i.my_usb_putchar)
    i.read_joycon                            0x08003e20   Section        0  joycon_cmd.o(i.read_joycon)
    i.transmit_as_console                    0x08003f58   Section        0  joycon_cmd.o(i.transmit_as_console)
    i.usart2_init_as_console                 0x08003f8c   Section        0  joycon_cmd.o(i.usart2_init_as_console)
    .constdata                               0x08003fc8   Section       16  system_stm32f0xx.o(.constdata)
    .constdata                               0x08003fd8   Section        8  system_stm32f0xx.o(.constdata)
    .data                                    0x20000000   Section        4  system_stm32f0xx.o(.data)
    .data                                    0x20000004   Section        1  main.o(.data)
    .data                                    0x20000008   Section       16  usbd_cdc_if.o(.data)
    .data                                    0x20000018   Section       28  usbd_desc.o(.data)
    .data                                    0x20000034   Section       22  usbd_desc.o(.data)
    .data                                    0x2000004c   Section        4  my_usb.o(.data)
    .data                                    0x20000050   Section        4  delay_us.o(.data)
    .data                                    0x20000054   Section      181  joycon_cmd.o(.data)
    .data                                    0x2000010c   Section        4  stm32f0xx_hal.o(.data)
    .data                                    0x20000110   Section        1  usbd_ctlreq.o(.data)
    cfgidx                                   0x20000110   Data           1  usbd_ctlreq.o(.data)
    .data                                    0x20000114   Section      219  usbd_cdc.o(.data)
    ifalt                                    0x20000114   Data           1  usbd_cdc.o(.data)
    USBD_CDC_DeviceQualifierDesc             0x20000118   Data          10  usbd_cdc.o(.data)
    .data                                    0x200001f0   Section       56  usbd_cdc.o(.data)
    .data                                    0x20000228   Section        4  stdout.o(.data)
    .bss                                     0x2000022c   Section      184  main.o(.bss)
    .bss                                     0x200002e4   Section      112  main.o(.bss)
    .bss                                     0x20000354   Section     1088  usbd_conf.o(.bss)
    mem                                      0x20000354   Data         544  usbd_conf.o(.bss)
    .bss                                     0x20000794   Section      548  usb_device.o(.bss)
    .bss                                     0x200009b8   Section      512  usbd_cdc_if.o(.bss)
    .bss                                     0x20000bb8   Section      512  usbd_desc.o(.bss)
    .bss                                     0x20000db8   Section      524  my_usb.o(.bss)
    .bss                                     0x20000fc4   Section      268  joycon_cmd.o(.bss)
    STACK                                    0x200010d0   Section     1024  startup_stm32f072xb.o(STACK)

    Global Symbols

    Symbol Name                              Value     Ov Type        Size  Object(Section)

    BuildAttributes$$THM_ISAv3M$S$PE$A:L22$X:L11$S22$IEEE1$IW$USESV6$~STKCKD$USESV7$~SHL$OTIME$ROPI$EBA8$MICROLIB$REQ8$PRES8$EABIv2 0x00000000   Number         0  anon$$obj.o ABSOLUTE
    __ARM_use_no_argv                        0x00000000   Number         0  main.o ABSOLUTE
    _printf_a                                0x00000000   Number         0  stubs.o ABSOLUTE
    _printf_c                                0x00000000   Number         0  stubs.o ABSOLUTE
    _printf_charcount                        0x00000000   Number         0  stubs.o ABSOLUTE
    _printf_d                                0x00000000   Number         0  stubs.o ABSOLUTE
    _printf_e                                0x00000000   Number         0  stubs.o ABSOLUTE
    _printf_f                                0x00000000   Number         0  stubs.o ABSOLUTE
    _printf_flags                            0x00000000   Number         0  stubs.o ABSOLUTE
    _printf_fp_dec                           0x00000000   Number         0  stubs.o ABSOLUTE
    _printf_fp_hex                           0x00000000   Number         0  stubs.o ABSOLUTE
    _printf_g                                0x00000000   Number         0  stubs.o ABSOLUTE
    _printf_i                                0x00000000   Number         0  stubs.o ABSOLUTE
    _printf_int_dec                          0x00000000   Number         0  stubs.o ABSOLUTE
    _printf_l                                0x00000000   Number         0  stubs.o ABSOLUTE
    _printf_lc                               0x00000000   Number         0  stubs.o ABSOLUTE
    _printf_ll                               0x00000000   Number         0  stubs.o ABSOLUTE
    _printf_lld                              0x00000000   Number         0  stubs.o ABSOLUTE
    _printf_lli                              0x00000000   Number         0  stubs.o ABSOLUTE
    _printf_llo                              0x00000000   Number         0  stubs.o ABSOLUTE
    _printf_llu                              0x00000000   Number         0  stubs.o ABSOLUTE
    _printf_llx                              0x00000000   Number         0  stubs.o ABSOLUTE
    _printf_longlong_dec                     0x00000000   Number         0  stubs.o ABSOLUTE
    _printf_longlong_hex                     0x00000000   Number         0  stubs.o ABSOLUTE
    _printf_longlong_oct                     0x00000000   Number         0  stubs.o ABSOLUTE
    _printf_ls                               0x00000000   Number         0  stubs.o ABSOLUTE
    _printf_mbtowc                           0x00000000   Number         0  stubs.o ABSOLUTE
    _printf_n                                0x00000000   Number         0  stubs.o ABSOLUTE
    _printf_o                                0x00000000   Number         0  stubs.o ABSOLUTE
    _printf_p                                0x00000000   Number         0  stubs.o ABSOLUTE
    _printf_percent                          0x00000000   Number         0  stubs.o ABSOLUTE
    _printf_pre_padding                      0x00000000   Number         0  stubs.o ABSOLUTE
    _printf_return_value                     0x00000000   Number         0  stubs.o ABSOLUTE
    _printf_s                                0x00000000   Number         0  stubs.o ABSOLUTE
    _printf_sizespec                         0x00000000   Number         0  stubs.o ABSOLUTE
    _printf_str                              0x00000000   Number         0  stubs.o ABSOLUTE
    _printf_truncate_signed                  0x00000000   Number         0  stubs.o ABSOLUTE
    _printf_truncate_unsigned                0x00000000   Number         0  stubs.o ABSOLUTE
    _printf_u                                0x00000000   Number         0  stubs.o ABSOLUTE
    _printf_wc                               0x00000000   Number         0  stubs.o ABSOLUTE
    _printf_wctomb                           0x00000000   Number         0  stubs.o ABSOLUTE
    _printf_widthprec                        0x00000000   Number         0  stubs.o ABSOLUTE
    _printf_x                                0x00000000   Number         0  stubs.o ABSOLUTE
    __cpp_initialize__aeabi_                  - Undefined Weak Reference
    __cxa_finalize                            - Undefined Weak Reference
    _clock_init                               - Undefined Weak Reference
    _microlib_exit                            - Undefined Weak Reference
    __Vectors_Size                           0x000000c0   Number         0  startup_stm32f072xb.o ABSOLUTE
    __Vectors                                0x08000000   Data           4  startup_stm32f072xb.o(RESET)
    __Vectors_End                            0x080000c0   Data           0  startup_stm32f072xb.o(RESET)
    __main                                   0x080000c1   Thumb Code     0  entry.o(.ARM.Collect$$$$00000000)
    _main_stk                                0x080000c1   Thumb Code     0  entry2.o(.ARM.Collect$$$$00000001)
    _main_scatterload                        0x080000c5   Thumb Code     0  entry5.o(.ARM.Collect$$$$00000004)
    __main_after_scatterload                 0x080000c9   Thumb Code     0  entry5.o(.ARM.Collect$$$$00000004)
    _main_clock                              0x080000c9   Thumb Code     0  entry7b.o(.ARM.Collect$$$$00000008)
    _main_cpp_init                           0x080000c9   Thumb Code     0  entry8b.o(.ARM.Collect$$$$0000000A)
    _main_init                               0x080000c9   Thumb Code     0  entry9a.o(.ARM.Collect$$$$0000000B)
    __rt_final_cpp                           0x080000d1   Thumb Code     0  entry10a.o(.ARM.Collect$$$$0000000D)
    __rt_final_exit                          0x080000d1   Thumb Code     0  entry11a.o(.ARM.Collect$$$$0000000F)
    Reset_Handler                            0x080000d5   Thumb Code     8  startup_stm32f072xb.o(.text)
    ADC1_COMP_IRQHandler                     0x080000e7   Thumb Code     0  startup_stm32f072xb.o(.text)
    CEC_CAN_IRQHandler                       0x080000e7   Thumb Code     0  startup_stm32f072xb.o(.text)
    DMA1_Channel1_IRQHandler                 0x080000e7   Thumb Code     0  startup_stm32f072xb.o(.text)
    DMA1_Channel2_3_IRQHandler               0x080000e7   Thumb Code     0  startup_stm32f072xb.o(.text)
    DMA1_Channel4_5_6_7_IRQHandler           0x080000e7   Thumb Code     0  startup_stm32f072xb.o(.text)
    EXTI0_1_IRQHandler                       0x080000e7   Thumb Code     0  startup_stm32f072xb.o(.text)
    EXTI2_3_IRQHandler                       0x080000e7   Thumb Code     0  startup_stm32f072xb.o(.text)
    EXTI4_15_IRQHandler                      0x080000e7   Thumb Code     0  startup_stm32f072xb.o(.text)
    FLASH_IRQHandler                         0x080000e7   Thumb Code     0  startup_stm32f072xb.o(.text)
    I2C1_IRQHandler                          0x080000e7   Thumb Code     0  startup_stm32f072xb.o(.text)
    I2C2_IRQHandler                          0x080000e7   Thumb Code     0  startup_stm32f072xb.o(.text)
    PVD_VDDIO2_IRQHandler                    0x080000e7   Thumb Code     0  startup_stm32f072xb.o(.text)
    RCC_CRS_IRQHandler                       0x080000e7   Thumb Code     0  startup_stm32f072xb.o(.text)
    RTC_IRQHandler                           0x080000e7   Thumb Code     0  startup_stm32f072xb.o(.text)
    SPI1_IRQHandler                          0x080000e7   Thumb Code     0  startup_stm32f072xb.o(.text)
    SPI2_IRQHandler                          0x080000e7   Thumb Code     0  startup_stm32f072xb.o(.text)
    TIM14_IRQHandler                         0x080000e7   Thumb Code     0  startup_stm32f072xb.o(.text)
    TIM15_IRQHandler                         0x080000e7   Thumb Code     0  startup_stm32f072xb.o(.text)
    TIM16_IRQHandler                         0x080000e7   Thumb Code     0  startup_stm32f072xb.o(.text)
    TIM17_IRQHandler                         0x080000e7   Thumb Code     0  startup_stm32f072xb.o(.text)
    TIM1_BRK_UP_TRG_COM_IRQHandler           0x080000e7   Thumb Code     0  startup_stm32f072xb.o(.text)
    TIM1_CC_IRQHandler                       0x080000e7   Thumb Code     0  startup_stm32f072xb.o(.text)
    TIM2_IRQHandler                          0x080000e7   Thumb Code     0  startup_stm32f072xb.o(.text)
    TIM3_IRQHandler                          0x080000e7   Thumb Code     0  startup_stm32f072xb.o(.text)
    TIM6_DAC_IRQHandler                      0x080000e7   Thumb Code     0  startup_stm32f072xb.o(.text)
    TIM7_IRQHandler                          0x080000e7   Thumb Code     0  startup_stm32f072xb.o(.text)
    TSC_IRQHandler                           0x080000e7   Thumb Code     0  startup_stm32f072xb.o(.text)
    USART1_IRQHandler                        0x080000e7   Thumb Code     0  startup_stm32f072xb.o(.text)
    USART3_4_IRQHandler                      0x080000e7   Thumb Code     0  startup_stm32f072xb.o(.text)
    WWDG_IRQHandler                          0x080000e7   Thumb Code     0  startup_stm32f072xb.o(.text)
    __aeabi_uidiv                            0x080000f1   Thumb Code     0  uidiv.o(.text)
    __aeabi_uidivmod                         0x080000f1   Thumb Code    44  uidiv.o(.text)
    __aeabi_llsr                             0x0800011d   Thumb Code    34  llushr.o(.text)
    _ll_ushift_r                             0x0800011d   Thumb Code     0  llushr.o(.text)
    __aeabi_memset                           0x0800013f   Thumb Code    14  memseta.o(.text)
    __aeabi_memset4                          0x0800013f   Thumb Code     0  memseta.o(.text)
    __aeabi_memset8                          0x0800013f   Thumb Code     0  memseta.o(.text)
    __aeabi_memclr                           0x0800014d   Thumb Code     4  memseta.o(.text)
    __aeabi_memclr4                          0x0800014d   Thumb Code     0  memseta.o(.text)
    __aeabi_memclr8                          0x0800014d   Thumb Code     0  memseta.o(.text)
    _memset$wrapper                          0x08000151   Thumb Code    18  memseta.o(.text)
    memcmp                                   0x08000163   Thumb Code    26  memcmp.o(.text)
    __aeabi_uldivmod                         0x0800017d   Thumb Code    96  uldiv.o(.text)
    __scatterload                            0x080001dd   Thumb Code    28  init.o(.text)
    __scatterload_rt2                        0x080001dd   Thumb Code     0  init.o(.text)
    __aeabi_llsl                             0x08000201   Thumb Code    32  llshl.o(.text)
    _ll_shift_l                              0x08000201   Thumb Code     0  llshl.o(.text)
    __decompress                             0x08000221   Thumb Code     0  __dczerorl2.o(.text)
    __decompress1                            0x08000221   Thumb Code    86  __dczerorl2.o(.text)
    CDC_Transmit_FS                          0x08000301   Thumb Code    54  usbd_cdc_if.o(i.CDC_Transmit_FS)
    Error_Handler                            0x08000341   Thumb Code     2  main.o(i.Error_Handler)
    HAL_DMA_Abort                            0x08000343   Thumb Code    44  stm32f0xx_hal_dma.o(i.HAL_DMA_Abort)
    HAL_DMA_Abort_IT                         0x0800036f   Thumb Code    72  stm32f0xx_hal_dma.o(i.HAL_DMA_Abort_IT)
    HAL_Delay                                0x080003b7   Thumb Code    22  stm32f0xx_hal.o(i.HAL_Delay)
    HAL_GPIO_DeInit                          0x080003cd   Thumb Code   202  stm32f0xx_hal_gpio.o(i.HAL_GPIO_DeInit)
    HAL_GPIO_Init                            0x080004b1   Thumb Code   314  stm32f0xx_hal_gpio.o(i.HAL_GPIO_Init)
    HAL_GPIO_ReadPin                         0x08000609   Thumb Code    10  stm32f0xx_hal_gpio.o(i.HAL_GPIO_ReadPin)
    HAL_GPIO_TogglePin                       0x08000613   Thumb Code     8  stm32f0xx_hal_gpio.o(i.HAL_GPIO_TogglePin)
    HAL_GPIO_WritePin                        0x0800061b   Thumb Code    12  stm32f0xx_hal_gpio.o(i.HAL_GPIO_WritePin)
    HAL_GetTick                              0x08000629   Thumb Code     6  stm32f0xx_hal.o(i.HAL_GetTick)
    HAL_IncTick                              0x08000635   Thumb Code    10  stm32f0xx_hal.o(i.HAL_IncTick)
    HAL_Init                                 0x08000645   Thumb Code    26  stm32f0xx_hal.o(i.HAL_Init)
    HAL_InitTick                             0x08000665   Thumb Code    34  stm32f0xx_hal.o(i.HAL_InitTick)
    HAL_MspInit                              0x08000689   Thumb Code    50  stm32f0xx_hal_msp.o(i.HAL_MspInit)
    HAL_NVIC_DisableIRQ                      0x080006c1   Thumb Code    14  stm32f0xx_hal_cortex.o(i.HAL_NVIC_DisableIRQ)
    HAL_NVIC_EnableIRQ                       0x080006d5   Thumb Code    14  stm32f0xx_hal_cortex.o(i.HAL_NVIC_EnableIRQ)
    HAL_NVIC_SetPriority                     0x080006e9   Thumb Code     8  stm32f0xx_hal_cortex.o(i.HAL_NVIC_SetPriority)
    HAL_PCDEx_PMAConfig                      0x080006f1   Thumb Code    58  stm32f0xx_hal_pcd_ex.o(i.HAL_PCDEx_PMAConfig)
    HAL_PCD_DataInStageCallback              0x0800072b   Thumb Code    24  usbd_conf.o(i.HAL_PCD_DataInStageCallback)
    HAL_PCD_DataOutStageCallback             0x08000743   Thumb Code    28  usbd_conf.o(i.HAL_PCD_DataOutStageCallback)
    HAL_PCD_EP_Close                         0x08000761   Thumb Code   346  stm32f0xx_hal_pcd.o(i.HAL_PCD_EP_Close)
    HAL_PCD_EP_ClrStall                      0x080008c9   Thumb Code   166  stm32f0xx_hal_pcd.o(i.HAL_PCD_EP_ClrStall)
    HAL_PCD_EP_GetRxCount                    0x0800097d   Thumb Code    20  stm32f0xx_hal_pcd.o(i.HAL_PCD_EP_GetRxCount)
    HAL_PCD_EP_Open                          0x08000991   Thumb Code   652  stm32f0xx_hal_pcd.o(i.HAL_PCD_EP_Open)
    HAL_PCD_EP_Receive                       0x08000c35   Thumb Code   298  stm32f0xx_hal_pcd.o(i.HAL_PCD_EP_Receive)
    HAL_PCD_EP_SetStall                      0x08000d6d   Thumb Code   136  stm32f0xx_hal_pcd.o(i.HAL_PCD_EP_SetStall)
    HAL_PCD_EP_Transmit                      0x08000e01   Thumb Code   386  stm32f0xx_hal_pcd.o(i.HAL_PCD_EP_Transmit)
    HAL_PCD_IRQHandler                       0x08000f95   Thumb Code   238  stm32f0xx_hal_pcd.o(i.HAL_PCD_IRQHandler)
    HAL_PCD_Init                             0x080010a1   Thumb Code   154  stm32f0xx_hal_pcd.o(i.HAL_PCD_Init)
    HAL_PCD_MspInit                          0x0800113d   Thumb Code    46  usbd_conf.o(i.HAL_PCD_MspInit)
    HAL_PCD_ResetCallback                    0x08001175   Thumb Code    24  usbd_conf.o(i.HAL_PCD_ResetCallback)
    HAL_PCD_ResumeCallback                   0x0800118d   Thumb Code    38  usbd_conf.o(i.HAL_PCD_ResumeCallback)
    HAL_PCD_SOFCallback                      0x080011b9   Thumb Code    16  usbd_conf.o(i.HAL_PCD_SOFCallback)
    HAL_PCD_SetAddress                       0x080011c9   Thumb Code    44  stm32f0xx_hal_pcd.o(i.HAL_PCD_SetAddress)
    HAL_PCD_SetupStageCallback               0x080011f5   Thumb Code    22  usbd_conf.o(i.HAL_PCD_SetupStageCallback)
    HAL_PCD_Start                            0x0800120b   Thumb Code    18  stm32f0xx_hal_pcd.o(i.HAL_PCD_Start)
    HAL_PCD_SuspendCallback                  0x0800121d   Thumb Code    34  usbd_conf.o(i.HAL_PCD_SuspendCallback)
    HAL_RCCEx_PeriphCLKConfig                0x08001245   Thumb Code   274  stm32f0xx_hal_rcc_ex.o(i.HAL_RCCEx_PeriphCLKConfig)
    HAL_RCC_ClockConfig                      0x08001365   Thumb Code   320  stm32f0xx_hal_rcc.o(i.HAL_RCC_ClockConfig)
    HAL_RCC_GetHCLKFreq                      0x080014b9   Thumb Code     6  stm32f0xx_hal_rcc.o(i.HAL_RCC_GetHCLKFreq)
    HAL_RCC_GetPCLK1Freq                     0x080014c5   Thumb Code    20  stm32f0xx_hal_rcc.o(i.HAL_RCC_GetPCLK1Freq)
    HAL_RCC_GetSysClockFreq                  0x080014e5   Thumb Code    90  stm32f0xx_hal_rcc.o(i.HAL_RCC_GetSysClockFreq)
    HAL_RCC_OscConfig                        0x0800156d   Thumb Code   966  stm32f0xx_hal_rcc.o(i.HAL_RCC_OscConfig)
    HAL_SPI_Init                             0x08001945   Thumb Code   184  stm32f0xx_hal_spi.o(i.HAL_SPI_Init)
    HAL_SPI_MspInit                          0x080019fd   Thumb Code    60  stm32f0xx_hal_msp.o(i.HAL_SPI_MspInit)
    HAL_SYSTICK_CLKSourceConfig              0x08001a45   Thumb Code    20  stm32f0xx_hal_cortex.o(i.HAL_SYSTICK_CLKSourceConfig)
    HAL_SYSTICK_Callback                     0x08001a5d   Thumb Code     2  stm32f0xx_hal_cortex.o(i.HAL_SYSTICK_Callback)
    HAL_SYSTICK_Config                       0x08001a61   Thumb Code    38  stm32f0xx_hal_cortex.o(i.HAL_SYSTICK_Config)
    HAL_SYSTICK_IRQHandler                   0x08001a91   Thumb Code     8  stm32f0xx_hal_cortex.o(i.HAL_SYSTICK_IRQHandler)
    HAL_TIMEx_MasterConfigSynchronization    0x08001a99   Thumb Code    72  stm32f0xx_hal_tim_ex.o(i.HAL_TIMEx_MasterConfigSynchronization)
    HAL_TIM_Base_Init                        0x08001ae1   Thumb Code    52  stm32f0xx_hal_tim.o(i.HAL_TIM_Base_Init)
    HAL_TIM_Base_MspInit                     0x08001b15   Thumb Code    30  stm32f0xx_hal_msp.o(i.HAL_TIM_Base_MspInit)
    HAL_TIM_Base_Start                       0x08001b39   Thumb Code    24  stm32f0xx_hal_tim.o(i.HAL_TIM_Base_Start)
    HAL_TIM_ConfigClockSource                0x08001b51   Thumb Code   238  stm32f0xx_hal_tim.o(i.HAL_TIM_ConfigClockSource)
    HAL_UARTEx_WakeupCallback                0x08001c3f   Thumb Code     2  stm32f0xx_hal_uart_ex.o(i.HAL_UARTEx_WakeupCallback)
    HAL_UART_AbortReceive                    0x08001c41   Thumb Code    80  stm32f0xx_hal_uart.o(i.HAL_UART_AbortReceive)
    HAL_UART_ErrorCallback                   0x08001c91   Thumb Code     2  main.o(i.HAL_UART_ErrorCallback)
    HAL_UART_IRQHandler                      0x08001c95   Thumb Code   304  stm32f0xx_hal_uart.o(i.HAL_UART_IRQHandler)
    HAL_UART_Init                            0x08001dc9   Thumb Code   108  stm32f0xx_hal_uart.o(i.HAL_UART_Init)
    HAL_UART_MspDeInit                       0x08001e35   Thumb Code    40  stm32f0xx_hal_msp.o(i.HAL_UART_MspDeInit)
    HAL_UART_MspInit                         0x08001e65   Thumb Code    78  stm32f0xx_hal_msp.o(i.HAL_UART_MspInit)
    HAL_UART_Receive_IT                      0x08001ebd   Thumb Code   154  stm32f0xx_hal_uart.o(i.HAL_UART_Receive_IT)
    HAL_UART_RxCpltCallback                  0x08001f5d   Thumb Code    30  main.o(i.HAL_UART_RxCpltCallback)
    HAL_UART_Transmit                        0x08001f81   Thumb Code   200  stm32f0xx_hal_uart.o(i.HAL_UART_Transmit)
    HAL_UART_TxCpltCallback                  0x08002049   Thumb Code     2  stm32f0xx_hal_uart.o(i.HAL_UART_TxCpltCallback)
    HardFault_Handler                        0x0800204b   Thumb Code     2  stm32f0xx_it.o(i.HardFault_Handler)
    MX_USB_DEVICE_Init                       0x080021bd   Thumb Code    36  usb_device.o(i.MX_USB_DEVICE_Init)
    NMI_Handler                              0x080021f1   Thumb Code     2  stm32f0xx_it.o(i.NMI_Handler)
    PCD_ReadPMA                              0x08002571   Thumb Code    30  stm32f0xx_hal_pcd.o(i.PCD_ReadPMA)
    PCD_WritePMA                             0x0800258f   Thumb Code    38  stm32f0xx_hal_pcd.o(i.PCD_WritePMA)
    PendSV_Handler                           0x080025b5   Thumb Code     2  stm32f0xx_it.o(i.PendSV_Handler)
    SVC_Handler                              0x080025b7   Thumb Code     2  stm32f0xx_it.o(i.SVC_Handler)
    SysTick_Handler                          0x080025b9   Thumb Code    12  stm32f0xx_it.o(i.SysTick_Handler)
    SystemClock_Config                       0x080025c5   Thumb Code   130  main.o(i.SystemClock_Config)
    SystemInit                               0x0800264d   Thumb Code    76  system_stm32f0xx.o(i.SystemInit)
    TIM_Base_SetConfig                       0x080026a9   Thumb Code   124  stm32f0xx_hal_tim.o(i.TIM_Base_SetConfig)
    TIM_ETR_SetConfig                        0x0800273d   Thumb Code    22  stm32f0xx_hal_tim.o(i.TIM_ETR_SetConfig)
    UART_AdvFeatureConfig                    0x080027ab   Thumb Code   202  stm32f0xx_hal_uart.o(i.UART_AdvFeatureConfig)
    UART_CheckIdleState                      0x08002875   Thumb Code   102  stm32f0xx_hal_uart.o(i.UART_CheckIdleState)
    UART_EndTransmit_IT                      0x0800291b   Thumb Code    26  stm32f0xx_hal_uart.o(i.UART_EndTransmit_IT)
    UART_Receive_IT                          0x08002935   Thumb Code   122  stm32f0xx_hal_uart.o(i.UART_Receive_IT)
    UART_SetConfig                           0x080029b1   Thumb Code   316  stm32f0xx_hal_uart.o(i.UART_SetConfig)
    UART_Transmit_IT                         0x08002b0d   Thumb Code   102  stm32f0xx_hal_uart.o(i.UART_Transmit_IT)
    UART_WaitOnFlagUntilTimeout              0x08002b73   Thumb Code    98  stm32f0xx_hal_uart.o(i.UART_WaitOnFlagUntilTimeout)
    USART2_IRQHandler                        0x08002bd5   Thumb Code    10  stm32f0xx_it.o(i.USART2_IRQHandler)
    USBD_CDC_GetDeviceQualifierDescriptor    0x08002c9d   Thumb Code     8  usbd_cdc.o(i.USBD_CDC_GetDeviceQualifierDescriptor)
    USBD_CDC_ReceivePacket                   0x08002d57   Thumb Code    56  usbd_cdc.o(i.USBD_CDC_ReceivePacket)
    USBD_CDC_RegisterInterface               0x08002d8f   Thumb Code    20  usbd_cdc.o(i.USBD_CDC_RegisterInterface)
    USBD_CDC_SetRxBuffer                     0x08002da3   Thumb Code    20  usbd_cdc.o(i.USBD_CDC_SetRxBuffer)
    USBD_CDC_SetTxBuffer                     0x08002db7   Thumb Code    22  usbd_cdc.o(i.USBD_CDC_SetTxBuffer)
    USBD_CDC_TransmitPacket                  0x08002e41   Thumb Code    52  usbd_cdc.o(i.USBD_CDC_TransmitPacket)
    USBD_ClrClassConfig                      0x08002e75   Thumb Code    16  usbd_core.o(i.USBD_ClrClassConfig)
    USBD_CtlContinueRx                       0x08002e85   Thumb Code    16  usbd_ioreq.o(i.USBD_CtlContinueRx)
    USBD_CtlContinueSendData                 0x08002e95   Thumb Code    16  usbd_ioreq.o(i.USBD_CtlContinueSendData)
    USBD_CtlError                            0x08002ea5   Thumb Code    20  usbd_ctlreq.o(i.USBD_CtlError)
    USBD_CtlPrepareRx                        0x08002eb9   Thumb Code    32  usbd_ioreq.o(i.USBD_CtlPrepareRx)
    USBD_CtlReceiveStatus                    0x08002ed9   Thumb Code    24  usbd_ioreq.o(i.USBD_CtlReceiveStatus)
    USBD_CtlSendData                         0x08002ef1   Thumb Code    28  usbd_ioreq.o(i.USBD_CtlSendData)
    USBD_CtlSendStatus                       0x08002f0d   Thumb Code    24  usbd_ioreq.o(i.USBD_CtlSendStatus)
    USBD_FS_ConfigStrDescriptor              0x08002f25   Thumb Code    16  usbd_desc.o(i.USBD_FS_ConfigStrDescriptor)
    USBD_FS_DeviceDescriptor                 0x08002f45   Thumb Code     8  usbd_desc.o(i.USBD_FS_DeviceDescriptor)
    USBD_FS_InterfaceStrDescriptor           0x08002f51   Thumb Code    16  usbd_desc.o(i.USBD_FS_InterfaceStrDescriptor)
    USBD_FS_LangIDStrDescriptor              0x08002f75   Thumb Code     8  usbd_desc.o(i.USBD_FS_LangIDStrDescriptor)
    USBD_FS_ManufacturerStrDescriptor        0x08002f81   Thumb Code    16  usbd_desc.o(i.USBD_FS_ManufacturerStrDescriptor)
    USBD_FS_ProductStrDescriptor             0x08002fa9   Thumb Code    16  usbd_desc.o(i.USBD_FS_ProductStrDescriptor)
    USBD_FS_SerialStrDescriptor              0x08002fd5   Thumb Code    16  usbd_desc.o(i.USBD_FS_SerialStrDescriptor)
    USBD_GetString                           0x080030d9   Thumb Code    68  usbd_ctlreq.o(i.USBD_GetString)
    USBD_Init                                0x0800311d   Thumb Code    50  usbd_core.o(i.USBD_Init)
    USBD_LL_ClearStallEP                     0x0800314f   Thumb Code    38  usbd_conf.o(i.USBD_LL_ClearStallEP)
    USBD_LL_CloseEP                          0x08003175   Thumb Code    38  usbd_conf.o(i.USBD_LL_CloseEP)
    USBD_LL_DataInStage                      0x0800319b   Thumb Code   182  usbd_core.o(i.USBD_LL_DataInStage)
    USBD_LL_DataOutStage                     0x08003251   Thumb Code   116  usbd_core.o(i.USBD_LL_DataOutStage)
    USBD_LL_GetRxDataSize                    0x080032c5   Thumb Code    16  usbd_conf.o(i.USBD_LL_GetRxDataSize)
    USBD_LL_Init                             0x080032d5   Thumb Code   122  usbd_conf.o(i.USBD_LL_Init)
    USBD_LL_IsStallEP                        0x0800335d   Thumb Code    36  usbd_conf.o(i.USBD_LL_IsStallEP)
    USBD_LL_OpenEP                           0x08003381   Thumb Code    44  usbd_conf.o(i.USBD_LL_OpenEP)
    USBD_LL_PrepareReceive                   0x080033ad   Thumb Code    38  usbd_conf.o(i.USBD_LL_PrepareReceive)
    USBD_LL_Reset                            0x080033d3   Thumb Code    70  usbd_core.o(i.USBD_LL_Reset)
    USBD_LL_Resume                           0x08003419   Thumb Code    12  usbd_core.o(i.USBD_LL_Resume)
    USBD_LL_SOF                              0x08003425   Thumb Code    30  usbd_core.o(i.USBD_LL_SOF)
    USBD_LL_SetSpeed                         0x08003443   Thumb Code     6  usbd_core.o(i.USBD_LL_SetSpeed)
    USBD_LL_SetUSBAddress                    0x08003449   Thumb Code    38  usbd_conf.o(i.USBD_LL_SetUSBAddress)
    USBD_LL_SetupStage                       0x0800346f   Thumb Code    94  usbd_core.o(i.USBD_LL_SetupStage)
    USBD_LL_StallEP                          0x080034cd   Thumb Code    38  usbd_conf.o(i.USBD_LL_StallEP)
    USBD_LL_Start                            0x080034f3   Thumb Code    38  usbd_conf.o(i.USBD_LL_Start)
    USBD_LL_Suspend                          0x08003519   Thumb Code    16  usbd_core.o(i.USBD_LL_Suspend)
    USBD_LL_Transmit                         0x08003529   Thumb Code    38  usbd_conf.o(i.USBD_LL_Transmit)
    USBD_ParseSetupRequest                   0x0800354f   Thumb Code    40  usbd_ctlreq.o(i.USBD_ParseSetupRequest)
    USBD_RegisterClass                       0x08003577   Thumb Code    22  usbd_core.o(i.USBD_RegisterClass)
    USBD_SetClassConfig                      0x0800358d   Thumb Code    28  usbd_core.o(i.USBD_SetClassConfig)
    USBD_Start                               0x08003619   Thumb Code    10  usbd_core.o(i.USBD_Start)
    USBD_StdDevReq                           0x08003623   Thumb Code   238  usbd_ctlreq.o(i.USBD_StdDevReq)
    USBD_StdEPReq                            0x08003711   Thumb Code   234  usbd_ctlreq.o(i.USBD_StdEPReq)
    USBD_StdItfReq                           0x080037fb   Thumb Code    58  usbd_ctlreq.o(i.USBD_StdItfReq)
    USBD_static_free                         0x08003835   Thumb Code     2  usbd_conf.o(i.USBD_static_free)
    USBD_static_malloc                       0x08003839   Thumb Code     4  usbd_conf.o(i.USBD_static_malloc)
    USB_IRQHandler                           0x08003841   Thumb Code    10  stm32f0xx_it.o(i.USB_IRQHandler)
    __0printf$5                              0x08003851   Thumb Code    24  printf5.o(i.__0printf$5)
    __1printf$5                              0x08003851   Thumb Code     0  printf5.o(i.__0printf$5)
    __2printf                                0x08003851   Thumb Code     0  printf5.o(i.__0printf$5)
    __ARM_common_switch8                     0x08003871   Thumb Code    26  stm32f0xx_hal_tim.o(i.__ARM_common_switch8)
    __scatterload_copy                       0x0800388b   Thumb Code    14  handlers.o(i.__scatterload_copy)
    __scatterload_null                       0x08003899   Thumb Code     2  handlers.o(i.__scatterload_null)
    __scatterload_zeroinit                   0x0800389b   Thumb Code    14  handlers.o(i.__scatterload_zeroinit)
    blink                                    0x08003b85   Thumb Code    32  main.o(i.blink)
    delay_us_init                            0x08003ba9   Thumb Code    12  delay_us.o(i.delay_us_init)
    fatal_error                              0x08003bb9   Thumb Code    68  joycon_cmd.o(i.fatal_error)
    fputc                                    0x08003c11   Thumb Code    14  main.o(i.fputc)
    get_header_as_console                    0x08003c21   Thumb Code    62  joycon_cmd.o(i.get_header_as_console)
    get_msg_as_console                       0x08003c6d   Thumb Code    18  joycon_cmd.o(i.get_msg_as_console)
    get_payload_as_console                   0x08003c85   Thumb Code    70  joycon_cmd.o(i.get_payload_as_console)
    init_as_console                          0x08003cd9   Thumb Code    76  joycon_cmd.o(i.init_as_console)
    linear_buf_add                           0x08003d2d   Thumb Code    38  helpers.o(i.linear_buf_add)
    linear_buf_add_str                       0x08003d53   Thumb Code    46  helpers.o(i.linear_buf_add_str)
    linear_buf_init                          0x08003d81   Thumb Code    22  helpers.o(i.linear_buf_init)
    linear_buf_reset                         0x08003d97   Thumb Code    32  helpers.o(i.linear_buf_reset)
    main                                     0x08003db9   Thumb Code    44  main.o(i.main)
    my_usb_init                              0x08003de9   Thumb Code    16  my_usb.o(i.my_usb_init)
    my_usb_putchar                           0x08003e01   Thumb Code    28  my_usb.o(i.my_usb_putchar)
    read_joycon                              0x08003e21   Thumb Code   280  joycon_cmd.o(i.read_joycon)
    transmit_as_console                      0x08003f59   Thumb Code    48  joycon_cmd.o(i.transmit_as_console)
    usart2_init_as_console                   0x08003f8d   Thumb Code    52  joycon_cmd.o(i.usart2_init_as_console)
    AHBPrescTable                            0x08003fc8   Data          16  system_stm32f0xx.o(.constdata)
    APBPrescTable                            0x08003fd8   Data           8  system_stm32f0xx.o(.constdata)
    Region$$Table$$Base                      0x08003fe0   Number         0  anon$$obj.o(Region$$Table)
    Region$$Table$$Limit                     0x08004000   Number         0  anon$$obj.o(Region$$Table)
    SystemCoreClock                          0x20000000   Data           4  system_stm32f0xx.o(.data)
    uart_status                              0x20000004   Data           1  main.o(.data)
    USBD_Interface_fops_FS                   0x20000008   Data          16  usbd_cdc_if.o(.data)
    FS_Desc                                  0x20000018   Data          28  usbd_desc.o(.data)
    USBD_LangIDDesc                          0x20000034   Data           4  usbd_desc.o(.data)
    USBD_FS_DeviceDesc                       0x20000038   Data          18  usbd_desc.o(.data)
    is_port_open                             0x2000004c   Data           4  my_usb.o(.data)
    us_timer                                 0x20000050   Data           4  delay_us.o(.data)
    handshake_header                         0x20000054   Data           4  joycon_cmd.o(.data)
    connect_request                          0x20000058   Data          12  joycon_cmd.o(.data)
    connect_request_response                 0x20000064   Data          12  joycon_cmd.o(.data)
    cmd2                                     0x20000070   Data          12  joycon_cmd.o(.data)
    cmd2_response                            0x2000007c   Data          20  joycon_cmd.o(.data)
    cmd3                                     0x20000090   Data          20  joycon_cmd.o(.data)
    cmd3_response                            0x200000a4   Data          12  joycon_cmd.o(.data)
    cmd4                                     0x200000b0   Data          12  joycon_cmd.o(.data)
    cmd4_response                            0x200000bc   Data          12  joycon_cmd.o(.data)
    cmd5                                     0x200000c8   Data          12  joycon_cmd.o(.data)
    cmd5_response                            0x200000d4   Data          12  joycon_cmd.o(.data)
    cmd6                                     0x200000e0   Data          16  joycon_cmd.o(.data)
    cmd6_response                            0x200000f0   Data          12  joycon_cmd.o(.data)
    update_request                           0x200000fc   Data          13  joycon_cmd.o(.data)
    uwTick                                   0x2000010c   Data           4  stm32f0xx_hal.o(.data)
    USBD_CDC_CfgHSDesc                       0x20000124   Data          67  usbd_cdc.o(.data)
    USBD_CDC_CfgFSDesc                       0x20000168   Data          67  usbd_cdc.o(.data)
    USBD_CDC_OtherSpeedCfgDesc               0x200001ac   Data          67  usbd_cdc.o(.data)
    USBD_CDC                                 0x200001f0   Data          56  usbd_cdc.o(.data)
    __stdout                                 0x20000228   Data           4  stdout.o(.data)
    hdac                                     0x2000022c   Data          20  main.o(.bss)
    hspi2                                    0x20000240   Data         100  main.o(.bss)
    htim2                                    0x200002a4   Data          64  main.o(.bss)
    huart2                                   0x200002e4   Data         112  main.o(.bss)
    hpcd_USB_FS                              0x20000574   Data         544  usbd_conf.o(.bss)
    hUsbDeviceFS                             0x20000794   Data         548  usb_device.o(.bss)
    UserRxBufferFS                           0x200009b8   Data         256  usbd_cdc_if.o(.bss)
    UserTxBufferFS                           0x20000ab8   Data         256  usbd_cdc_if.o(.bss)
    USBD_StrDesc                             0x20000bb8   Data         512  usbd_desc.o(.bss)
    usb_line_buf                             0x20000db8   Data         256  my_usb.o(.bss)
    usb_recv_buf                             0x20000eb8   Data         268  my_usb.o(.bss)
    switch_lb                                0x20000fc4   Data         268  joycon_cmd.o(.bss)
    __initial_sp                             0x200014d0   Data           0  startup_stm32f072xb.o(STACK)



==============================================================================

Memory Map of the image

  Image Entry point : 0x080000c1

  Load Region LR_IROM1 (Base: 0x08000000, Size: 0x0000422c, Max: 0x00010000, ABSOLUTE, COMPRESSED[0x00004130])

    Execution Region ER_IROM1 (Base: 0x08000000, Size: 0x00004000, Max: 0x00010000, ABSOLUTE)

    Base Addr    Size         Type   Attr      Idx    E Section Name        Object

    0x08000000   0x000000c0   Data   RO            3    RESET               startup_stm32f072xb.o
    0x080000c0   0x00000000   Code   RO         5003  * .ARM.Collect$$$$00000000  mc_p.l(entry.o)
    0x080000c0   0x00000004   Code   RO         5297    .ARM.Collect$$$$00000001  mc_p.l(entry2.o)
    0x080000c4   0x00000004   Code   RO         5300    .ARM.Collect$$$$00000004  mc_p.l(entry5.o)
    0x080000c8   0x00000000   Code   RO         5302    .ARM.Collect$$$$00000008  mc_p.l(entry7b.o)
    0x080000c8   0x00000000   Code   RO         5304    .ARM.Collect$$$$0000000A  mc_p.l(entry8b.o)
    0x080000c8   0x00000008   Code   RO         5305    .ARM.Collect$$$$0000000B  mc_p.l(entry9a.o)
    0x080000d0   0x00000000   Code   RO         5307    .ARM.Collect$$$$0000000D  mc_p.l(entry10a.o)
    0x080000d0   0x00000000   Code   RO         5309    .ARM.Collect$$$$0000000F  mc_p.l(entry11a.o)
    0x080000d0   0x00000004   Code   RO         5298    .ARM.Collect$$$$00002712  mc_p.l(entry2.o)
    0x080000d4   0x0000001c   Code   RO            4    .text               startup_stm32f072xb.o
    0x080000f0   0x0000002c   Code   RO         5010    .text               mc_p.l(uidiv.o)
    0x0800011c   0x00000022   Code   RO         5012    .text               mc_p.l(llushr.o)
    0x0800013e   0x00000024   Code   RO         5014    .text               mc_p.l(memseta.o)
    0x08000162   0x0000001a   Code   RO         5020    .text               mc_p.l(memcmp.o)
    0x0800017c   0x00000060   Code   RO         5312    .text               mc_p.l(uldiv.o)
    0x080001dc   0x00000024   Code   RO         5338    .text               mc_p.l(init.o)
    0x08000200   0x00000020   Code   RO         5340    .text               mc_p.l(llshl.o)
    0x08000220   0x00000056   Code   RO         5384    .text               mc_p.l(__dczerorl2.o)
    0x08000276   0x00000002   PAD
    0x08000278   0x00000038   Code   RO          837    i.CDC_Control_FS    usbd_cdc_if.o
    0x080002b0   0x00000004   Code   RO          838    i.CDC_DeInit_FS     usbd_cdc_if.o
    0x080002b4   0x00000024   Code   RO          839    i.CDC_Init_FS       usbd_cdc_if.o
    0x080002d8   0x00000028   Code   RO          840    i.CDC_Receive_FS    usbd_cdc_if.o
    0x08000300   0x00000040   Code   RO          841    i.CDC_Transmit_FS   usbd_cdc_if.o
    0x08000340   0x00000002   Code   RO          223    i.Error_Handler     main.o
    0x08000342   0x0000002c   Code   RO         3318    i.HAL_DMA_Abort     stm32f0xx_hal_dma.o
    0x0800036e   0x00000048   Code   RO         3319    i.HAL_DMA_Abort_IT  stm32f0xx_hal_dma.o
    0x080003b6   0x00000016   Code   RO         1907    i.HAL_Delay         stm32f0xx_hal.o
    0x080003cc   0x000000e4   Code   RO         3074    i.HAL_GPIO_DeInit   stm32f0xx_hal_gpio.o
    0x080004b0   0x00000158   Code   RO         3077    i.HAL_GPIO_Init     stm32f0xx_hal_gpio.o
    0x08000608   0x0000000a   Code   RO         3079    i.HAL_GPIO_ReadPin  stm32f0xx_hal_gpio.o
    0x08000612   0x00000008   Code   RO         3080    i.HAL_GPIO_TogglePin  stm32f0xx_hal_gpio.o
    0x0800061a   0x0000000c   Code   RO         3081    i.HAL_GPIO_WritePin  stm32f0xx_hal_gpio.o
    0x08000626   0x00000002   PAD
    0x08000628   0x0000000c   Code   RO         1911    i.HAL_GetTick       stm32f0xx_hal.o
    0x08000634   0x00000010   Code   RO         1912    i.HAL_IncTick       stm32f0xx_hal.o
    0x08000644   0x00000020   Code   RO         1913    i.HAL_Init          stm32f0xx_hal.o
    0x08000664   0x00000022   Code   RO         1914    i.HAL_InitTick      stm32f0xx_hal.o
    0x08000686   0x00000002   PAD
    0x08000688   0x00000038   Code   RO          346    i.HAL_MspInit       stm32f0xx_hal_msp.o
    0x080006c0   0x00000014   Code   RO         1809    i.HAL_NVIC_DisableIRQ  stm32f0xx_hal_cortex.o
    0x080006d4   0x00000014   Code   RO         1810    i.HAL_NVIC_EnableIRQ  stm32f0xx_hal_cortex.o
    0x080006e8   0x00000008   Code   RO         1814    i.HAL_NVIC_SetPriority  stm32f0xx_hal_cortex.o
    0x080006f0   0x0000003a   Code   RO         3959    i.HAL_PCDEx_PMAConfig  stm32f0xx_hal_pcd_ex.o
    0x0800072a   0x00000018   Code   RO          589    i.HAL_PCD_DataInStageCallback  usbd_conf.o
    0x08000742   0x0000001c   Code   RO          590    i.HAL_PCD_DataOutStageCallback  usbd_conf.o
    0x0800075e   0x00000002   PAD
    0x08000760   0x00000168   Code   RO         3748    i.HAL_PCD_EP_Close  stm32f0xx_hal_pcd.o
    0x080008c8   0x000000b4   Code   RO         3749    i.HAL_PCD_EP_ClrStall  stm32f0xx_hal_pcd.o
    0x0800097c   0x00000014   Code   RO         3751    i.HAL_PCD_EP_GetRxCount  stm32f0xx_hal_pcd.o
    0x08000990   0x000002a4   Code   RO         3752    i.HAL_PCD_EP_Open   stm32f0xx_hal_pcd.o
    0x08000c34   0x00000138   Code   RO         3753    i.HAL_PCD_EP_Receive  stm32f0xx_hal_pcd.o
    0x08000d6c   0x00000094   Code   RO         3754    i.HAL_PCD_EP_SetStall  stm32f0xx_hal_pcd.o
    0x08000e00   0x00000194   Code   RO         3755    i.HAL_PCD_EP_Transmit  stm32f0xx_hal_pcd.o
    0x08000f94   0x0000010c   Code   RO         3757    i.HAL_PCD_IRQHandler  stm32f0xx_hal_pcd.o
    0x080010a0   0x0000009a   Code   RO         3760    i.HAL_PCD_Init      stm32f0xx_hal_pcd.o
    0x0800113a   0x00000002   PAD
    0x0800113c   0x00000038   Code   RO          595    i.HAL_PCD_MspInit   usbd_conf.o
    0x08001174   0x00000018   Code   RO          596    i.HAL_PCD_ResetCallback  usbd_conf.o
    0x0800118c   0x0000002c   Code   RO          597    i.HAL_PCD_ResumeCallback  usbd_conf.o
    0x080011b8   0x00000010   Code   RO          598    i.HAL_PCD_SOFCallback  usbd_conf.o
    0x080011c8   0x0000002c   Code   RO         3766    i.HAL_PCD_SetAddress  stm32f0xx_hal_pcd.o
    0x080011f4   0x00000016   Code   RO          599    i.HAL_PCD_SetupStageCallback  usbd_conf.o
    0x0800120a   0x00000012   Code   RO         3768    i.HAL_PCD_Start     stm32f0xx_hal_pcd.o
    0x0800121c   0x00000028   Code   RO          600    i.HAL_PCD_SuspendCallback  usbd_conf.o
    0x08001244   0x00000120   Code   RO         1180    i.HAL_RCCEx_PeriphCLKConfig  stm32f0xx_hal_rcc_ex.o
    0x08001364   0x00000154   Code   RO         3225    i.HAL_RCC_ClockConfig  stm32f0xx_hal_rcc.o
    0x080014b8   0x0000000c   Code   RO         3230    i.HAL_RCC_GetHCLKFreq  stm32f0xx_hal_rcc.o
    0x080014c4   0x00000020   Code   RO         3232    i.HAL_RCC_GetPCLK1Freq  stm32f0xx_hal_rcc.o
    0x080014e4   0x00000088   Code   RO         3233    i.HAL_RCC_GetSysClockFreq  stm32f0xx_hal_rcc.o
    0x0800156c   0x000003d8   Code   RO         3236    i.HAL_RCC_OscConfig  stm32f0xx_hal_rcc.o
    0x08001944   0x000000b8   Code   RO         1316    i.HAL_SPI_Init      stm32f0xx_hal_spi.o
    0x080019fc   0x00000048   Code   RO          348    i.HAL_SPI_MspInit   stm32f0xx_hal_msp.o
    0x08001a44   0x00000018   Code   RO         1816    i.HAL_SYSTICK_CLKSourceConfig  stm32f0xx_hal_cortex.o
    0x08001a5c   0x00000002   Code   RO         1817    i.HAL_SYSTICK_Callback  stm32f0xx_hal_cortex.o
    0x08001a5e   0x00000002   PAD
    0x08001a60   0x00000030   Code   RO         1818    i.HAL_SYSTICK_Config  stm32f0xx_hal_cortex.o
    0x08001a90   0x00000008   Code   RO         1819    i.HAL_SYSTICK_IRQHandler  stm32f0xx_hal_cortex.o
    0x08001a98   0x00000048   Code   RO         3429    i.HAL_TIMEx_MasterConfigSynchronization  stm32f0xx_hal_tim_ex.o
    0x08001ae0   0x00000034   Code   RO         2023    i.HAL_TIM_Base_Init  stm32f0xx_hal_tim.o
    0x08001b14   0x00000024   Code   RO          350    i.HAL_TIM_Base_MspInit  stm32f0xx_hal_msp.o
    0x08001b38   0x00000018   Code   RO         2026    i.HAL_TIM_Base_Start  stm32f0xx_hal_tim.o
    0x08001b50   0x000000ee   Code   RO         2032    i.HAL_TIM_ConfigClockSource  stm32f0xx_hal_tim.o
    0x08001c3e   0x00000002   Code   RO         4259    i.HAL_UARTEx_WakeupCallback  stm32f0xx_hal_uart_ex.o
    0x08001c40   0x00000050   Code   RO         4323    i.HAL_UART_AbortReceive  stm32f0xx_hal_uart.o
    0x08001c90   0x00000002   Code   RO          224    i.HAL_UART_ErrorCallback  main.o
    0x08001c92   0x00000002   PAD
    0x08001c94   0x00000134   Code   RO         4337    i.HAL_UART_IRQHandler  stm32f0xx_hal_uart.o
    0x08001dc8   0x0000006c   Code   RO         4338    i.HAL_UART_Init     stm32f0xx_hal_uart.o
    0x08001e34   0x00000030   Code   RO          351    i.HAL_UART_MspDeInit  stm32f0xx_hal_msp.o
    0x08001e64   0x00000058   Code   RO          352    i.HAL_UART_MspInit  stm32f0xx_hal_msp.o
    0x08001ebc   0x000000a0   Code   RO         4343    i.HAL_UART_Receive_IT  stm32f0xx_hal_uart.o
    0x08001f5c   0x00000024   Code   RO          225    i.HAL_UART_RxCpltCallback  main.o
    0x08001f80   0x000000c8   Code   RO         4346    i.HAL_UART_Transmit  stm32f0xx_hal_uart.o
    0x08002048   0x00000002   Code   RO         4349    i.HAL_UART_TxCpltCallback  stm32f0xx_hal_uart.o
    0x0800204a   0x00000002   Code   RO          159    i.HardFault_Handler  stm32f0xx_it.o
    0x0800204c   0x000000d4   Code   RO          226    i.MX_GPIO_Init      main.o
    0x08002120   0x00000048   Code   RO          227    i.MX_SPI2_Init      main.o
    0x08002168   0x00000054   Code   RO          228    i.MX_TIM2_Init      main.o
    0x080021bc   0x00000034   Code   RO          803    i.MX_USB_DEVICE_Init  usb_device.o
    0x080021f0   0x00000002   Code   RO          160    i.NMI_Handler       stm32f0xx_it.o
    0x080021f2   0x00000002   PAD
    0x080021f4   0x00000044   Code   RO         1820    i.NVIC_SetPriority  stm32f0xx_hal_cortex.o
    0x08002238   0x00000338   Code   RO         3771    i.PCD_EP_ISR_Handler  stm32f0xx_hal_pcd.o
    0x08002570   0x0000001e   Code   RO         3772    i.PCD_ReadPMA       stm32f0xx_hal_pcd.o
    0x0800258e   0x00000026   Code   RO         3773    i.PCD_WritePMA      stm32f0xx_hal_pcd.o
    0x080025b4   0x00000002   Code   RO          161    i.PendSV_Handler    stm32f0xx_it.o
    0x080025b6   0x00000002   Code   RO          162    i.SVC_Handler       stm32f0xx_it.o
    0x080025b8   0x0000000c   Code   RO          163    i.SysTick_Handler   stm32f0xx_it.o
    0x080025c4   0x00000088   Code   RO          229    i.SystemClock_Config  main.o
    0x0800264c   0x0000005c   Code   RO           13    i.SystemInit        system_stm32f0xx.o
    0x080026a8   0x00000094   Code   RO         2107    i.TIM_Base_SetConfig  stm32f0xx_hal_tim.o
    0x0800273c   0x00000016   Code   RO         2114    i.TIM_ETR_SetConfig  stm32f0xx_hal_tim.o
    0x08002752   0x00000010   Code   RO         2115    i.TIM_ITRx_SetConfig  stm32f0xx_hal_tim.o
    0x08002762   0x00000022   Code   RO         2121    i.TIM_TI1_ConfigInputStage  stm32f0xx_hal_tim.o
    0x08002784   0x00000026   Code   RO         2123    i.TIM_TI2_ConfigInputStage  stm32f0xx_hal_tim.o
    0x080027aa   0x000000ca   Code   RO         4351    i.UART_AdvFeatureConfig  stm32f0xx_hal_uart.o
    0x08002874   0x00000074   Code   RO         4352    i.UART_CheckIdleState  stm32f0xx_hal_uart.o
    0x080028e8   0x00000014   Code   RO         4353    i.UART_DMAAbortOnError  stm32f0xx_hal_uart.o
    0x080028fc   0x0000001e   Code   RO         4363    i.UART_EndRxTransfer  stm32f0xx_hal_uart.o
    0x0800291a   0x0000001a   Code   RO         4364    i.UART_EndTransmit_IT  stm32f0xx_hal_uart.o
    0x08002934   0x0000007a   Code   RO         4366    i.UART_Receive_IT   stm32f0xx_hal_uart.o
    0x080029ae   0x00000002   PAD
    0x080029b0   0x0000015c   Code   RO         4367    i.UART_SetConfig    stm32f0xx_hal_uart.o
    0x08002b0c   0x00000066   Code   RO         4368    i.UART_Transmit_IT  stm32f0xx_hal_uart.o
    0x08002b72   0x00000062   Code   RO         4369    i.UART_WaitOnFlagUntilTimeout  stm32f0xx_hal_uart.o
    0x08002bd4   0x00000010   Code   RO          164    i.USART2_IRQHandler  stm32f0xx_it.o
    0x08002be4   0x0000001e   Code   RO         4903    i.USBD_CDC_DataIn   usbd_cdc.o
    0x08002c02   0x00000034   Code   RO         4904    i.USBD_CDC_DataOut  usbd_cdc.o
    0x08002c36   0x0000003c   Code   RO         4905    i.USBD_CDC_DeInit   usbd_cdc.o
    0x08002c72   0x00000028   Code   RO         4906    i.USBD_CDC_EP0_RxReady  usbd_cdc.o
    0x08002c9a   0x00000002   PAD
    0x08002c9c   0x0000000c   Code   RO         4907    i.USBD_CDC_GetDeviceQualifierDescriptor  usbd_cdc.o
    0x08002ca8   0x0000000c   Code   RO         4908    i.USBD_CDC_GetFSCfgDesc  usbd_cdc.o
    0x08002cb4   0x0000000c   Code   RO         4909    i.USBD_CDC_GetHSCfgDesc  usbd_cdc.o
    0x08002cc0   0x0000000c   Code   RO         4910    i.USBD_CDC_GetOtherSpeedCfgDesc  usbd_cdc.o
    0x08002ccc   0x0000008a   Code   RO         4911    i.USBD_CDC_Init     usbd_cdc.o
    0x08002d56   0x00000038   Code   RO         4912    i.USBD_CDC_ReceivePacket  usbd_cdc.o
    0x08002d8e   0x00000014   Code   RO         4913    i.USBD_CDC_RegisterInterface  usbd_cdc.o
    0x08002da2   0x00000014   Code   RO         4914    i.USBD_CDC_SetRxBuffer  usbd_cdc.o
    0x08002db6   0x00000016   Code   RO         4915    i.USBD_CDC_SetTxBuffer  usbd_cdc.o
    0x08002dcc   0x00000074   Code   RO         4916    i.USBD_CDC_Setup    usbd_cdc.o
    0x08002e40   0x00000034   Code   RO         4917    i.USBD_CDC_TransmitPacket  usbd_cdc.o
    0x08002e74   0x00000010   Code   RO         4708    i.USBD_ClrClassConfig  usbd_core.o
    0x08002e84   0x00000010   Code   RO         4652    i.USBD_CtlContinueRx  usbd_ioreq.o
    0x08002e94   0x00000010   Code   RO         4653    i.USBD_CtlContinueSendData  usbd_ioreq.o
    0x08002ea4   0x00000014   Code   RO         4842    i.USBD_CtlError     usbd_ctlreq.o
    0x08002eb8   0x00000020   Code   RO         4654    i.USBD_CtlPrepareRx  usbd_ioreq.o
    0x08002ed8   0x00000018   Code   RO         4655    i.USBD_CtlReceiveStatus  usbd_ioreq.o
    0x08002ef0   0x0000001c   Code   RO         4656    i.USBD_CtlSendData  usbd_ioreq.o
    0x08002f0c   0x00000018   Code   RO         4657    i.USBD_CtlSendStatus  usbd_ioreq.o
    0x08002f24   0x00000020   Code   RO          885    i.USBD_FS_ConfigStrDescriptor  usbd_desc.o
    0x08002f44   0x0000000c   Code   RO          886    i.USBD_FS_DeviceDescriptor  usbd_desc.o
    0x08002f50   0x00000024   Code   RO          887    i.USBD_FS_InterfaceStrDescriptor  usbd_desc.o
    0x08002f74   0x0000000c   Code   RO          888    i.USBD_FS_LangIDStrDescriptor  usbd_desc.o
    0x08002f80   0x00000028   Code   RO          889    i.USBD_FS_ManufacturerStrDescriptor  usbd_desc.o
    0x08002fa8   0x0000002c   Code   RO          890    i.USBD_FS_ProductStrDescriptor  usbd_desc.o
    0x08002fd4   0x00000024   Code   RO          891    i.USBD_FS_SerialStrDescriptor  usbd_desc.o
    0x08002ff8   0x000000e0   Code   RO         4843    i.USBD_GetDescriptor  usbd_ctlreq.o
    0x080030d8   0x00000044   Code   RO         4844    i.USBD_GetString    usbd_ctlreq.o
    0x0800311c   0x00000032   Code   RO         4710    i.USBD_Init         usbd_core.o
    0x0800314e   0x00000026   Code   RO          601    i.USBD_LL_ClearStallEP  usbd_conf.o
    0x08003174   0x00000026   Code   RO          602    i.USBD_LL_CloseEP   usbd_conf.o
    0x0800319a   0x000000b6   Code   RO         4711    i.USBD_LL_DataInStage  usbd_core.o
    0x08003250   0x00000074   Code   RO         4712    i.USBD_LL_DataOutStage  usbd_core.o
    0x080032c4   0x00000010   Code   RO          606    i.USBD_LL_GetRxDataSize  usbd_conf.o
    0x080032d4   0x00000088   Code   RO          607    i.USBD_LL_Init      usbd_conf.o
    0x0800335c   0x00000024   Code   RO          608    i.USBD_LL_IsStallEP  usbd_conf.o
    0x08003380   0x0000002c   Code   RO          609    i.USBD_LL_OpenEP    usbd_conf.o
    0x080033ac   0x00000026   Code   RO          610    i.USBD_LL_PrepareReceive  usbd_conf.o
    0x080033d2   0x00000046   Code   RO         4717    i.USBD_LL_Reset     usbd_core.o
    0x08003418   0x0000000c   Code   RO         4718    i.USBD_LL_Resume    usbd_core.o
    0x08003424   0x0000001e   Code   RO         4719    i.USBD_LL_SOF       usbd_core.o
    0x08003442   0x00000006   Code   RO         4720    i.USBD_LL_SetSpeed  usbd_core.o
    0x08003448   0x00000026   Code   RO          611    i.USBD_LL_SetUSBAddress  usbd_conf.o
    0x0800346e   0x0000005e   Code   RO         4721    i.USBD_LL_SetupStage  usbd_core.o
    0x080034cc   0x00000026   Code   RO          612    i.USBD_LL_StallEP   usbd_conf.o
    0x080034f2   0x00000026   Code   RO          613    i.USBD_LL_Start     usbd_conf.o
    0x08003518   0x00000010   Code   RO         4722    i.USBD_LL_Suspend   usbd_core.o
    0x08003528   0x00000026   Code   RO          615    i.USBD_LL_Transmit  usbd_conf.o
    0x0800354e   0x00000028   Code   RO         4845    i.USBD_ParseSetupRequest  usbd_ctlreq.o
    0x08003576   0x00000016   Code   RO         4723    i.USBD_RegisterClass  usbd_core.o
    0x0800358c   0x0000001c   Code   RO         4725    i.USBD_SetClassConfig  usbd_core.o
    0x080035a8   0x00000070   Code   RO         4846    i.USBD_SetConfig    usbd_ctlreq.o
    0x08003618   0x0000000a   Code   RO         4726    i.USBD_Start        usbd_core.o
    0x08003622   0x000000ee   Code   RO         4847    i.USBD_StdDevReq    usbd_ctlreq.o
    0x08003710   0x000000ea   Code   RO         4848    i.USBD_StdEPReq     usbd_ctlreq.o
    0x080037fa   0x0000003a   Code   RO         4849    i.USBD_StdItfReq    usbd_ctlreq.o
    0x08003834   0x00000002   Code   RO          616    i.USBD_static_free  usbd_conf.o
    0x08003836   0x00000002   PAD
    0x08003838   0x00000008   Code   RO          617    i.USBD_static_malloc  usbd_conf.o
    0x08003840   0x00000010   Code   RO          165    i.USB_IRQHandler    stm32f0xx_it.o
    0x08003850   0x00000020   Code   RO         5159    i.__0printf$5       mc_p.l(printf5.o)
    0x08003870   0x0000001a   Code   RO         2642    i.__ARM_common_switch8  stm32f0xx_hal_tim.o
    0x0800388a   0x0000000e   Code   RO         5378    i.__scatterload_copy  mc_p.l(handlers.o)
    0x08003898   0x00000002   Code   RO         5379    i.__scatterload_null  mc_p.l(handlers.o)
    0x0800389a   0x0000000e   Code   RO         5380    i.__scatterload_zeroinit  mc_p.l(handlers.o)
    0x080038a8   0x000002dc   Code   RO         5166    i._printf_core      mc_p.l(printf5.o)
    0x08003b84   0x00000024   Code   RO          230    i.blink             main.o
    0x08003ba8   0x00000010   Code   RO         1070    i.delay_us_init     delay_us.o
    0x08003bb8   0x00000058   Code   RO         1104    i.fatal_error       joycon_cmd.o
    0x08003c10   0x0000000e   Code   RO          231    i.fputc             main.o
    0x08003c1e   0x00000002   PAD
    0x08003c20   0x0000004c   Code   RO         1105    i.get_header_as_console  joycon_cmd.o
    0x08003c6c   0x00000018   Code   RO         1106    i.get_msg_as_console  joycon_cmd.o
    0x08003c84   0x00000054   Code   RO         1107    i.get_payload_as_console  joycon_cmd.o
    0x08003cd8   0x00000054   Code   RO         1108    i.init_as_console   joycon_cmd.o
    0x08003d2c   0x00000026   Code   RO          414    i.linear_buf_add    helpers.o
    0x08003d52   0x0000002e   Code   RO          415    i.linear_buf_add_str  helpers.o
    0x08003d80   0x00000016   Code   RO          417    i.linear_buf_init   helpers.o
    0x08003d96   0x00000020   Code   RO          419    i.linear_buf_reset  helpers.o
    0x08003db6   0x00000002   PAD
    0x08003db8   0x00000030   Code   RO          232    i.main              main.o
    0x08003de8   0x00000018   Code   RO          949    i.my_usb_init       my_usb.o
    0x08003e00   0x00000020   Code   RO          950    i.my_usb_putchar    my_usb.o
    0x08003e20   0x00000138   Code   RO         1109    i.read_joycon       joycon_cmd.o
    0x08003f58   0x00000034   Code   RO         1110    i.transmit_as_console  joycon_cmd.o
    0x08003f8c   0x0000003c   Code   RO         1111    i.usart2_init_as_console  joycon_cmd.o
    0x08003fc8   0x00000010   Data   RO           14    .constdata          system_stm32f0xx.o
    0x08003fd8   0x00000008   Data   RO           15    .constdata          system_stm32f0xx.o
    0x08003fe0   0x00000020   Data   RO         5376    Region$$Table       anon$$obj.o


    Execution Region RW_IRAM1 (Base: 0x20000000, Size: 0x000014d0, Max: 0x00004000, ABSOLUTE, COMPRESSED[0x00000130])

    Base Addr    Size         Type   Attr      Idx    E Section Name        Object

    0x20000000   0x00000004   Data   RW           16    .data               system_stm32f0xx.o
    0x20000004   0x00000001   Data   RW          238    .data               main.o
    0x20000005   0x00000003   PAD
    0x20000008   0x00000010   Data   RW          843    .data               usbd_cdc_if.o
    0x20000018   0x0000001c   Data   RW          893    .data               usbd_desc.o
    0x20000034   0x00000016   Data   RW          894    .data               usbd_desc.o
    0x2000004a   0x00000002   PAD
    0x2000004c   0x00000004   Data   RW          954    .data               my_usb.o
    0x20000050   0x00000004   Data   RW         1072    .data               delay_us.o
    0x20000054   0x000000b5   Data   RW         1113    .data               joycon_cmd.o
    0x20000109   0x00000003   PAD
    0x2000010c   0x00000004   Data   RW         1919    .data               stm32f0xx_hal.o
    0x20000110   0x00000001   Data   RW         4850    .data               usbd_ctlreq.o
    0x20000111   0x00000003   PAD
    0x20000114   0x000000db   Data   RW         4918    .data               usbd_cdc.o
    0x200001ef   0x00000001   PAD
    0x200001f0   0x00000038   Data   RW         4919    .data               usbd_cdc.o
    0x20000228   0x00000004   Data   RW         5311    .data               mc_p.l(stdout.o)
    0x2000022c   0x000000b8   Zero   RW          234    .bss                main.o
    0x200002e4   0x00000070   Zero   RW          236    .bss                main.o
    0x20000354   0x00000440   Zero   RW          618    .bss                usbd_conf.o
    0x20000794   0x00000224   Zero   RW          804    .bss                usb_device.o
    0x200009b8   0x00000200   Zero   RW          842    .bss                usbd_cdc_if.o
    0x20000bb8   0x00000200   Zero   RW          892    .bss                usbd_desc.o
    0x20000db8   0x0000020c   Zero   RW          952    .bss                my_usb.o
    0x20000fc4   0x0000010c   Zero   RW         1112    .bss                joycon_cmd.o
    0x200010d0   0x00000400   Zero   RW            1    STACK               startup_stm32f072xb.o


==============================================================================

Image component sizes


      Code (inc. data)   RO Data    RW Data    ZI Data      Debug   Object Name

        16          4          0          4          0       1099   delay_us.o
       138          0          0          0          0       2941   helpers.o
       780        106          0        181        268       5921   joycon_cmd.o
       642         50          0          1        296      11368   main.o
        56         12          0          4        524       1765   my_usb.o
        28          8        192          0       1024        656   startup_stm32f072xb.o
       116         18          0          4          0       3763   stm32f0xx_hal.o
       198         34          0          0          0      11353   stm32f0xx_hal_cortex.o
       116          0          0          0          0       1731   stm32f0xx_hal_dma.o
       602         56          0          0          0       4438   stm32f0xx_hal_gpio.o
       300         42          0          0          0       3311   stm32f0xx_hal_msp.o
      3476        148          0          0          0      14063   stm32f0xx_hal_pcd.o
        58          0          0          0          0       1290   stm32f0xx_hal_pcd_ex.o
      1504        102          0          0          0       5313   stm32f0xx_hal_rcc.o
       288         14          0          0          0       1560   stm32f0xx_hal_rcc_ex.o
       184          0          0          0          0       1259   stm32f0xx_hal_spi.o
       598         24          0          0          0       6724   stm32f0xx_hal_tim.o
        72          0          0          0          0       1320   stm32f0xx_hal_tim_ex.o
      1922         56          0          0          0      12534   stm32f0xx_hal_uart.o
         2          0          0          0          0       1032   stm32f0xx_hal_uart_ex.o
        52         12          0          0          0       3144   stm32f0xx_it.o
        92         16         24          4          0     510075   system_stm32f0xx.o
        52         16          0          0        548        736   usb_device.o
       654         20          0        275          0      13090   usbd_cdc.o
       200         36          0         16        512       3532   usbd_cdc_if.o
       762         40          0          0       1088      15077   usbd_conf.o
       652          0          0          0          0       9560   usbd_core.o
       994         34          0          1          0       8004   usbd_ctlreq.o
       212        116          0         50        512       5103   usbd_desc.o
       140          0          0          0          0       4496   usbd_ioreq.o

    ----------------------------------------------------------------------
     14930        964        248        552       4772     666258   Object Totals
         0          0         32          0          0          0   (incl. Generated)
        24          0          0         12          0          0   (incl. Padding)

    ----------------------------------------------------------------------

      Code (inc. data)   RO Data    RW Data    ZI Data      Debug   Library Member Name

        86          0          0          0          0          0   __dczerorl2.o
         0          0          0          0          0          0   entry.o
         0          0          0          0          0          0   entry10a.o
         0          0          0          0          0          0   entry11a.o
         8          4          0          0          0          0   entry2.o
         4          0          0          0          0          0   entry5.o
         0          0          0          0          0          0   entry7b.o
         0          0          0          0          0          0   entry8b.o
         8          4          0          0          0          0   entry9a.o
        30          0          0          0          0          0   handlers.o
        36          8          0          0          0         68   init.o
        32          0          0          0          0         68   llshl.o
        34          0          0          0          0         68   llushr.o
        26          0          0          0          0         72   memcmp.o
        36          0          0          0          0        100   memseta.o
       764         52          0          0          0        168   printf5.o
         0          0          0          4          0          0   stdout.o
        44          0          0          0          0         72   uidiv.o
        96          0          0          0          0         84   uldiv.o

    ----------------------------------------------------------------------
      1206         68          0          4          0        700   Library Totals
         2          0          0          0          0          0   (incl. Padding)

    ----------------------------------------------------------------------

      Code (inc. data)   RO Data    RW Data    ZI Data      Debug   Library Name

      1204         68          0          4          0        700   mc_p.l

    ----------------------------------------------------------------------
      1206         68          0          4          0        700   Library Totals

    ----------------------------------------------------------------------

==============================================================================


      Code (inc. data)   RO Data    RW Data    ZI Data      Debug   

     16136       1032        248        556       4772     659086   Grand Totals
     16136       1032        248        304       4772     659086   ELF Image Totals (compressed)
     16136       1032        248        304          0          0   ROM Totals

==============================================================================

    Total RO  Size (Code + RO Data)                16384 (  16.00kB)
    Total RW  Size (RW Data + ZI Data)              5328 (   5.20kB)
    Total ROM Size (Code + RO Data + RW Data)      16688 (  16.30kB)

==============================================================================

