<html>
<body>
<pre>
<h1>µVision Build Log</h1>
<h2>Tool Versions:</h2>
IDE-Version: µVision V5.17.0.0
Copyright (C) 2015 ARM Ltd and ARM Germany GmbH. All rights reserved.
License Information: Allen Wang, myself, LIC=21EUH-WSQEI-XUN41-CJ6KT-AFN84-V4IS7
 
Tool Versions:
Toolchain:       MDK-ARM Standard  Version: 5.17
Toolchain Path:  C:\Keil_v5\ARM\ARMCC\Bin
C Compiler:      Armcc.exe V5.06 update 1 (build 61)
Assembler:       Armasm.exe V5.06 update 1 (build 61)
Linker/Locator:  ArmLink.exe V5.06 update 1 (build 61)
Library Manager: ArmAr.exe V5.06 update 1 (build 61)
Hex Converter:   FromElf.exe V5.06 update 1 (build 61)
CPU DLL:         SARMCM3.DLL V5.17
Dialog DLL:      DARMCM1.DLL V1.12.0.0
Target DLL:      STLink\ST-LINKIII-KEIL_SWO.dll V2.0.18.0
Dialog DLL:      TARMCM1.DLL V1.9.0.0
 
<h2>Project:</h2>
C:\Users\Allen\Desktop\Nintendo_Switch_Reverse_Engineering\testing_firmware\MDK-ARM\nintendac_mini_firmware.uvprojx
Project File Date:  03/10/2017

<h2>Output:</h2>
*** Using Compiler 'V5.06 update 1 (build 61)', folder: 'C:\Keil_v5\ARM\ARMCC\Bin'
Build target 'nintendac_mini_firmware'
compiling main.c...
../Src/main.c(153): warning:  #177-D: variable "cmd5" was declared but never referenced
    uint8_t cmd5[12] = {0x19, 0x01, 0x03, 0x07, 0x00, 0x91, 0x10, 0x00, 0x00, 0x00, 0x00, 0x3D};
../Src/main.c(154): warning:  #177-D: variable "cmd6" was declared but never referenced
    uint8_t cmd6[16] = {0x19, 0x01, 0x03, 0x0B, 0x00, 0x91, 0x12, 0x04, 0x00, 0x00, 0x12, 0xA6, 0x0F, 0x00, 0x00, 0x00};
../Src/main.c: 3 warnings, 0 errors
#177-D: function "MX_IWDG_Init" was declared but never referenced
  static void MX_IWDG_Init(void)
linking...
Program Size: Code=15464 RO-data=248 RW-data=376 ZI-data=4544  
"nintendac_mini_firmware\nintendac_mini_firmware.axf" - 0 Error(s), 2 Warning(s).

<h2>Software Packages used:</h2>

Package Vendor: ARM
                http://www.keil.com/pack/ARM.CMSIS.4.5.0.pack
                ARM::CMSIS:CORE:4.3.0
                CMSIS (Cortex Microcontroller Software Interface Standard)
   * Component: CORE Version: 4.3.0

<h2>Collection of Component include folders:</h2>
  C:\Users\Allen\Desktop\Nintendo_Switch_Reverse_Engineering\testing_firmware\MDK-ARM\RTE
  C:\Keil_v5\ARM\PACK\ARM\CMSIS\4.5.0\CMSIS\Include
  C:\Keil_v5\ARM\PACK\Keil\STM32F0xx_DFP\1.5.0\Device\Include

<h2>Collection of Component Files used:</h2>

   * Component: ARM::CMSIS:CORE:4.3.0
Build Time Elapsed:  00:00:03
</pre>
</body>
</html>
